Component: ARM Compiler 5.06 update 7 (build 960) Tool: armlink [4d3601]

==============================================================================

Section Cross References

    startup_stm32f103xe.o(RESET) refers to startup_stm32f103xe.o(STACK) for __initial_sp
    startup_stm32f103xe.o(RESET) refers to startup_stm32f103xe.o(.text) for Reset_Handler
    startup_stm32f103xe.o(RESET) refers to stm32f1xx_it.o(i.NMI_Handler) for NMI_Handler
    startup_stm32f103xe.o(RESET) refers to stm32f1xx_it.o(i.HardFault_Handler) for HardFault_Handler
    startup_stm32f103xe.o(RESET) refers to stm32f1xx_it.o(i.MemManage_Handler) for MemManage_Handler
    startup_stm32f103xe.o(RESET) refers to stm32f1xx_it.o(i.BusFault_Handler) for BusFault_Handler
    startup_stm32f103xe.o(RESET) refers to stm32f1xx_it.o(i.UsageFault_Handler) for UsageFault_Handler
    startup_stm32f103xe.o(RESET) refers to stm32f1xx_it.o(i.SVC_Handler) for SVC_Handler
    startup_stm32f103xe.o(RESET) refers to stm32f1xx_it.o(i.DebugMon_Handler) for DebugMon_Handler
    startup_stm32f103xe.o(RESET) refers to stm32f1xx_it.o(i.PendSV_Handler) for PendSV_Handler
    startup_stm32f103xe.o(RESET) refers to stm32f1xx_it.o(i.SysTick_Handler) for SysTick_Handler
    startup_stm32f103xe.o(RESET) refers to stm32f1xx_it.o(i.DMA1_Channel2_IRQHandler) for DMA1_Channel2_IRQHandler
    startup_stm32f103xe.o(RESET) refers to stm32f1xx_it.o(i.DMA1_Channel3_IRQHandler) for DMA1_Channel3_IRQHandler
    startup_stm32f103xe.o(RESET) refers to stm32f1xx_it.o(i.DMA1_Channel4_IRQHandler) for DMA1_Channel4_IRQHandler
    startup_stm32f103xe.o(RESET) refers to stm32f1xx_it.o(i.DMA1_Channel5_IRQHandler) for DMA1_Channel5_IRQHandler
    startup_stm32f103xe.o(RESET) refers to stm32f1xx_it.o(i.DMA1_Channel7_IRQHandler) for DMA1_Channel7_IRQHandler
    startup_stm32f103xe.o(RESET) refers to stm32f1xx_it.o(i.EXTI9_5_IRQHandler) for EXTI9_5_IRQHandler
    startup_stm32f103xe.o(RESET) refers to stm32f1xx_it.o(i.TIM2_IRQHandler) for TIM2_IRQHandler
    startup_stm32f103xe.o(RESET) refers to stm32f1xx_it.o(i.TIM3_IRQHandler) for TIM3_IRQHandler
    startup_stm32f103xe.o(RESET) refers to stm32f1xx_it.o(i.TIM4_IRQHandler) for TIM4_IRQHandler
    startup_stm32f103xe.o(RESET) refers to stm32f1xx_it.o(i.USART1_IRQHandler) for USART1_IRQHandler
    startup_stm32f103xe.o(RESET) refers to stm32f1xx_it.o(i.USART2_IRQHandler) for USART2_IRQHandler
    startup_stm32f103xe.o(RESET) refers to stm32f1xx_it.o(i.USART3_IRQHandler) for USART3_IRQHandler
    startup_stm32f103xe.o(RESET) refers to stm32f1xx_it.o(i.EXTI15_10_IRQHandler) for EXTI15_10_IRQHandler
    startup_stm32f103xe.o(.text) refers to system_stm32f1xx.o(i.SystemInit) for SystemInit
    startup_stm32f103xe.o(.text) refers to entry.o(.ARM.Collect$$$$00000000) for __main
    gp8211s.o(i.GP8211S_Init) refers to myiic.o(i.IIC_Start) for IIC_Start
    gp8211s.o(i.GP8211S_Init) refers to myiic.o(i.IIC_Send_Byte) for IIC_Send_Byte
    gp8211s.o(i.GP8211S_Init) refers to myiic.o(i.IIC_Ack) for IIC_Ack
    gp8211s.o(i.GP8211S_Init) refers to myiic.o(i.IIC_Stop) for IIC_Stop
    gp8211s.o(i.GP8211S_Set_Value) refers to fmul.o(.text) for __aeabi_fmul
    gp8211s.o(i.GP8211S_Set_Value) refers to fdiv.o(.text) for __aeabi_fdiv
    gp8211s.o(i.GP8211S_Set_Value) refers to ffixui.o(.text) for __aeabi_f2uiz
    gp8211s.o(i.GP8211S_Set_Value) refers to myiic.o(i.IIC_Start) for IIC_Start
    gp8211s.o(i.GP8211S_Set_Value) refers to myiic.o(i.IIC_Send_Byte) for IIC_Send_Byte
    gp8211s.o(i.GP8211S_Set_Value) refers to myiic.o(i.IIC_Ack) for IIC_Ack
    gp8211s.o(i.GP8211S_Set_Value) refers to myiic.o(i.IIC_Stop) for IIC_Stop
    myiic.o(i.IIC_Ack) refers to core_delay.o(i.CPU_TS_Tmr_Delay_US) for CPU_TS_Tmr_Delay_US
    myiic.o(i.IIC_Init) refers to stm32f1xx_hal_gpio.o(i.HAL_GPIO_Init) for HAL_GPIO_Init
    myiic.o(i.IIC_NAck) refers to core_delay.o(i.CPU_TS_Tmr_Delay_US) for CPU_TS_Tmr_Delay_US
    myiic.o(i.IIC_Read_Byte) refers to core_delay.o(i.CPU_TS_Tmr_Delay_US) for CPU_TS_Tmr_Delay_US
    myiic.o(i.IIC_Read_Byte) refers to myiic.o(i.IIC_NAck) for IIC_NAck
    myiic.o(i.IIC_Read_Byte) refers to myiic.o(i.IIC_Ack) for IIC_Ack
    myiic.o(i.IIC_Send_Byte) refers to core_delay.o(i.CPU_TS_Tmr_Delay_US) for CPU_TS_Tmr_Delay_US
    myiic.o(i.IIC_Start) refers to core_delay.o(i.CPU_TS_Tmr_Delay_US) for CPU_TS_Tmr_Delay_US
    myiic.o(i.IIC_Stop) refers to core_delay.o(i.CPU_TS_Tmr_Delay_US) for CPU_TS_Tmr_Delay_US
    myiic.o(i.IIC_Wait_Ack) refers to core_delay.o(i.CPU_TS_Tmr_Delay_US) for CPU_TS_Tmr_Delay_US
    myiic.o(i.IIC_Wait_Ack) refers to myiic.o(i.IIC_Stop) for IIC_Stop
    motor_ctrl.o(i.Emm_V5_En_Control) refers to usart.o(i.usart_SendCmd) for usart_SendCmd
    motor_ctrl.o(i.Emm_V5_Modify_Ctrl_Mode) refers to usart.o(i.usart_SendCmd) for usart_SendCmd
    motor_ctrl.o(i.Emm_V5_Origin_Interrupt) refers to usart.o(i.usart_SendCmd) for usart_SendCmd
    motor_ctrl.o(i.Emm_V5_Origin_Modify_Params) refers to memseta.o(.text) for __aeabi_memclr4
[...]

    BuildAttributes$$THM_ISAv4$P$D$K$B$S$PE$A:L22UL41UL21$X:L11$S22US41US21$IEEE1$IW$USESV6$~STKCKD$USESV7$~SHL$OTIME$ROPI$IEEEX$EBA8$MICROLIB$REQ8$PRES8$EABIv2 0x00000000   Number         0  anon$$obj.o ABSOLUTE
    __ARM_use_no_argv                        0x00000000   Number         0  main.o ABSOLUTE
    _printf_a                                0x00000000   Number         0  stubs.o ABSOLUTE
    _printf_c                                0x00000000   Number         0  stubs.o ABSOLUTE
    _printf_charcount                        0x00000000   Number         0  stubs.o ABSOLUTE
    _printf_d                                0x00000000   Number         0  stubs.o ABSOLUTE
    _printf_e                                0x00000000   Number         0  stubs.o ABSOLUTE
    _printf_f                                0x00000000   Number         0  stubs.o ABSOLUTE
    _printf_flags                            0x00000000   Number         0  stubs.o ABSOLUTE
    _printf_fp_dec                           0x00000000   Number         0  stubs.o ABSOLUTE
    _printf_fp_hex                           0x00000000   Number         0  stubs.o ABSOLUTE
    _printf_g                                0x00000000   Number         0  stubs.o ABSOLUTE
    _printf_i                                0x00000000   Number         0  stubs.o ABSOLUTE
    _printf_int_dec                          0x00000000   Number         0  stubs.o ABSOLUTE
    _printf_l                                0x00000000   Number         0  stubs.o ABSOLUTE
    _printf_lc                               0x00000000   Number         0  stubs.o ABSOLUTE
    _printf_ll                               0x00000000   Number         0  stubs.o ABSOLUTE
    _printf_lld                              0x00000000   Number         0  stubs.o ABSOLUTE
    _printf_lli                              0x00000000   Number         0  stubs.o ABSOLUTE
    _printf_llo                              0x00000000   Number         0  stubs.o ABSOLUTE
    _printf_llu                              0x00000000   Number         0  stubs.o ABSOLUTE
    _printf_llx                              0x00000000   Number         0  stubs.o ABSOLUTE
    _printf_longlong_dec                     0x00000000   Number         0  stubs.o ABSOLUTE
    _printf_longlong_hex                     0x00000000   Number         0  stubs.o ABSOLUTE
    _printf_longlong_oct                     0x00000000   Number         0  stubs.o ABSOLUTE
    _printf_ls                               0x00000000   Number         0  stubs.o ABSOLUTE
    _printf_mbtowc                           0x00000000   Number         0  stubs.o ABSOLUTE
    _printf_n                                0x00000000   Number         0  stubs.o ABSOLUTE
    _printf_o                                0x00000000   Number         0  stubs.o ABSOLUTE
    _printf_p                                0x00000000   Number         0  stubs.o ABSOLUTE
    _printf_percent                          0x00000000   Number         0  stubs.o ABSOLUTE
    _printf_pre_padding                      0x00000000   Number         0  stubs.o ABSOLUTE
    _printf_return_value                     0x00000000   Number         0  stubs.o ABSOLUTE
    _printf_s                                0x00000000   Number         0  stubs.o ABSOLUTE
    _printf_sizespec                         0x00000000   Number         0  stubs.o ABSOLUTE
    _printf_str                              0x00000000   Number         0  stubs.o ABSOLUTE
    _printf_truncate_signed                  0x00000000   Number         0  stubs.o ABSOLUTE
    _printf_truncate_unsigned                0x00000000   Number         0  stubs.o ABSOLUTE
    _printf_u                                0x00000000   Number         0  stubs.o ABSOLUTE
    _printf_wc                               0x00000000   Number         0  stubs.o ABSOLUTE
    _printf_wctomb                           0x00000000   Number         0  stubs.o ABSOLUTE
    _printf_widthprec                        0x00000000   Number         0  stubs.o ABSOLUTE
    _printf_x                                0x00000000   Number         0  stubs.o ABSOLUTE
    __arm_fini_                               - Undefined Weak Reference
    __cpp_initialize__aeabi_                  - Undefined Weak Reference
    __cxa_finalize                            - Undefined Weak Reference
    _clock_init                               - Undefined Weak Reference
    _microlib_exit                            - Undefined Weak Reference
    __Vectors_Size                           0x00000130   Number         0  startup_stm32f103xe.o ABSOLUTE
    __Vectors                                0x08000000   Data           4  startup_stm32f103xe.o(RESET)
    __Vectors_End                            0x08000130   Data           0  startup_stm32f103xe.o(RESET)
    __main                                   0x08000131   Thumb Code     0  entry.o(.ARM.Collect$$$$00000000)
    _main_stk                                0x08000131   Thumb Code     0  entry2.o(.ARM.Collect$$$$00000001)
    _main_scatterload                        0x08000135   Thumb Code     0  entry5.o(.ARM.Collect$$$$00000004)
    __main_after_scatterload                 0x08000139   Thumb Code     0  entry5.o(.ARM.Collect$$$$00000004)
    _main_clock                              0x08000139   Thumb Code     0  entry7b.o(.ARM.Collect$$$$00000008)
    _main_cpp_init                           0x08000139   Thumb Code     0  entry8b.o(.ARM.Collect$$$$0000000A)
    _main_init                               0x08000139   Thumb Code     0  entry9a.o(.ARM.Collect$$$$0000000B)
    __rt_lib_shutdown_fini                   0x08000141   Thumb Code     0  entry12b.o(.ARM.Collect$$$$0000000E)
    __rt_final_cpp                           0x08000145   Thumb Code     0  entry10a.o(.ARM.Collect$$$$0000000F)
    __rt_final_exit                          0x08000145   Thumb Code     0  entry11a.o(.ARM.Collect$$$$00000011)
    Reset_Handler                            0x08000149   Thumb Code     8  startup_stm32f103xe.o(.text)
    ADC1_2_IRQHandler                        0x08000163   Thumb Code     0  startup_stm32f103xe.o(.text)
    ADC3_IRQHandler                          0x08000163   Thumb Code     0  startup_stm32f103xe.o(.text)
    CAN1_RX1_IRQHandler                      0x08000163   Thumb Code     0  startup_stm32f103xe.o(.text)
    CAN1_SCE_IRQHandler                      0x08000163   Thumb Code     0  startup_stm32f103xe.o(.text)
    DMA1_Channel1_IRQHandler                 0x08000163   Thumb Code     0  startup_stm32f103xe.o(.text)
    DMA1_Channel6_IRQHandler                 0x08000163   Thumb Code     0  startup_stm32f103xe.o(.text)
    DMA2_Channel1_IRQHandler                 0x08000163   Thumb Code     0  startup_stm32f103xe.o(.text)
    DMA2_Channel2_IRQHandler                 0x08000163   Thumb Code     0  startup_stm32f103xe.o(.text)
    DMA2_Channel3_IRQHandler                 0x08000163   Thumb Code     0  startup_stm32f103xe.o(.text)
    DMA2_Channel4_5_IRQHandler               0x08000163   Thumb Code     0  startup_stm32f103xe.o(.text)
    EXTI0_IRQHandler                         0x08000163   Thumb Code     0  startup_stm32f103xe.o(.text)
    EXTI1_IRQHandler                         0x08000163   Thumb Code     0  startup_stm32f103xe.o(.text)
    EXTI2_IRQHandler                         0x08000163   Thumb Code     0  startup_stm32f103xe.o(.text)
    EXTI3_IRQHandler                         0x08000163   Thumb Code     0  startup_stm32f103xe.o(.text)
    EXTI4_IRQHandler                         0x08000163   Thumb Code     0  startup_stm32f103xe.o(.text)
    FLASH_IRQHandler                         0x08000163   Thumb Code     0  startup_stm32f103xe.o(.text)
    FSMC_IRQHandler                          0x08000163   Thumb Code     0  startup_stm32f103xe.o(.text)
    I2C1_ER_IRQHandler                       0x08000163   Thumb Code     0  startup_stm32f103xe.o(.text)
    I2C1_EV_IRQHandler                       0x08000163   Thumb Code     0  startup_stm32f103xe.o(.text)
    I2C2_ER_IRQHandler                       0x08000163   Thumb Code     0  startup_stm32f103xe.o(.text)
    I2C2_EV_IRQHandler                       0x08000163   Thumb Code     0  startup_stm32f103xe.o(.text)
    PVD_IRQHandler                           0x08000163   Thumb Code     0  startup_stm32f103xe.o(.text)
    RCC_IRQHandler                           0x08000163   Thumb Code     0  startup_stm32f103xe.o(.text)
    RTC_Alarm_IRQHandler                     0x08000163   Thumb Code     0  startup_stm32f103xe.o(.text)
    RTC_IRQHandler                           0x08000163   Thumb Code     0  startup_stm32f103xe.o(.text)
    SDIO_IRQHandler                          0x08000163   Thumb Code     0  startup_stm32f103xe.o(.text)
    SPI1_IRQHandler                          0x08000163   Thumb Code     0  startup_stm32f103xe.o(.text)
    SPI2_IRQHandler                          0x08000163   Thumb Code     0  startup_stm32f103xe.o(.text)
    SPI3_IRQHandler                          0x08000163   Thumb Code     0  startup_stm32f103xe.o(.text)
    TAMPER_IRQHandler                        0x08000163   Thumb Code     0  startup_stm32f103xe.o(.text)
    TIM1_BRK_IRQHandler                      0x08000163   Thumb Code     0  startup_stm32f103xe.o(.text)
    TIM1_CC_IRQHandler                       0x08000163   Thumb Code     0  startup_stm32f103xe.o(.text)
    TIM1_TRG_COM_IRQHandler                  0x08000163   Thumb Code     0  startup_stm32f103xe.o(.text)
    TIM1_UP_IRQHandler                       0x08000163   Thumb Code     0  startup_stm32f103xe.o(.text)
    TIM5_IRQHandler                          0x08000163   Thumb Code     0  startup_stm32f103xe.o(.text)
    TIM6_IRQHandler                          0x08000163   Thumb Code     0  startup_stm32f103xe.o(.text)
    TIM7_IRQHandler                          0x08000163   Thumb Code     0  startup_stm32f103xe.o(.text)
    TIM8_BRK_IRQHandler                      0x08000163   Thumb Code     0  startup_stm32f103xe.o(.text)
    TIM8_CC_IRQHandler                       0x08000163   Thumb Code     0  startup_stm32f103xe.o(.text)
    TIM8_TRG_COM_IRQHandler                  0x08000163   Thumb Code     0  startup_stm32f103xe.o(.text)
    TIM8_UP_IRQHandler                       0x08000163   Thumb Code     0  startup_stm32f103xe.o(.text)
    UART4_IRQHandler                         0x08000163   Thumb Code     0  startup_stm32f103xe.o(.text)
    UART5_IRQHandler                         0x08000163   Thumb Code     0  startup_stm32f103xe.o(.text)
    USBWakeUp_IRQHandler                     0x08000163   Thumb Code     0  startup_stm32f103xe.o(.text)
    USB_HP_CAN1_TX_IRQHandler                0x08000163   Thumb Code     0  startup_stm32f103xe.o(.text)
    USB_LP_CAN1_RX0_IRQHandler               0x08000163   Thumb Code     0  startup_stm32f103xe.o(.text)
    WWDG_IRQHandler                          0x08000163   Thumb Code     0  startup_stm32f103xe.o(.text)
    __aeabi_llsr                             0x0800016d   Thumb Code    32  llushr.o(.text)
    _ll_ushift_r                             0x0800016d   Thumb Code     0  llushr.o(.text)
    __aeabi_memcpy                           0x0800018d   Thumb Code    36  memcpya.o(.text)
    __aeabi_memcpy4                          0x0800018d   Thumb Code     0  memcpya.o(.text)
    __aeabi_memcpy8                          0x0800018d   Thumb Code     0  memcpya.o(.text)
    __aeabi_memset                           0x080001b1   Thumb Code    14  memseta.o(.text)
    __aeabi_memset4                          0x080001b1   Thumb Code     0  memseta.o(.text)
    __aeabi_memset8                          0x080001b1   Thumb Code     0  memseta.o(.text)
    __aeabi_memclr                           0x080001bf   Thumb Code     4  memseta.o(.text)
    __aeabi_memclr4                          0x080001bf   Thumb Code     0  memseta.o(.text)
    __aeabi_memclr8                          0x080001bf   Thumb Code     0  memseta.o(.text)
    _memset$wrapper                          0x080001c3   Thumb Code    18  memseta.o(.text)
    strlen                                   0x080001d5   Thumb Code    14  strlen.o(.text)
    __aeabi_fadd                             0x080001e3   Thumb Code   164  fadd.o(.text)
    __aeabi_fsub                             0x08000287   Thumb Code     6  fadd.o(.text)
    __aeabi_frsub                            0x0800028d   Thumb Code     6  fadd.o(.text)
    __aeabi_fmul                             0x08000293   Thumb Code   100  fmul.o(.text)
    __aeabi_fdiv                             0x080002f7   Thumb Code   124  fdiv.o(.text)
    __aeabi_dmul                             0x08000373   Thumb Code   228  dmul.o(.text)
    __aeabi_i2f                              0x08000457   Thumb Code    18  fflti.o(.text)
    __aeabi_ui2f                             0x08000469   Thumb Code    10  ffltui.o(.text)
    __aeabi_ui2d                             0x08000473   Thumb Code    26  dfltui.o(.text)
    __aeabi_f2iz                             0x0800048d   Thumb Code    50  ffixi.o(.text)
    __aeabi_f2uiz                            0x080004bf   Thumb Code    40  ffixui.o(.text)
    __aeabi_f2d                              0x080004e7   Thumb Code    38  f2d.o(.text)
    __aeabi_cdcmpeq                          0x0800050d   Thumb Code     0  cdcmple.o(.text)
    __aeabi_cdcmple                          0x0800050d   Thumb Code    48  cdcmple.o(.text)
    __aeabi_cdrcmple                         0x0800053d   Thumb Code    48  cdrcmple.o(.text)
    __aeabi_d2f                              0x0800056d   Thumb Code    56  d2f.o(.text)
    __aeabi_cfcmpeq                          0x080005a5   Thumb Code     0  cfcmple.o(.text)
    __aeabi_cfcmple                          0x080005a5   Thumb Code    20  cfcmple.o(.text)
    __aeabi_cfrcmple                         0x080005b9   Thumb Code    20  cfrcmple.o(.text)
    __aeabi_uidiv                            0x080005cd   Thumb Code     0  uidiv.o(.text)
    __aeabi_uidivmod                         0x080005cd   Thumb Code    44  uidiv.o(.text)
    __aeabi_uldivmod                         0x080005f9   Thumb Code    98  uldiv.o(.text)
    __I$use$fp                               0x0800065b   Thumb Code     0  iusefp.o(.text)
    _float_round                             0x0800065b   Thumb Code    18  fepilogue.o(.text)
    _float_epilogue                          0x0800066d   Thumb Code    92  fepilogue.o(.text)
    __ARM_scalbnf                            0x080006c9   Thumb Code    24  fscalb.o(.text)
    scalbnf                                  0x080006c9   Thumb Code     0  fscalb.o(.text)
    _frnd                                    0x080006e1   Thumb Code    60  frnd.o(.text)
    _double_round                            0x0800071d   Thumb Code    30  depilogue.o(.text)
    _double_epilogue                         0x0800073b   Thumb Code   156  depilogue.o(.text)
    __aeabi_dadd                             0x080007d7   Thumb Code   322  dadd.o(.text)
    __aeabi_dsub                             0x08000919   Thumb Code     6  dadd.o(.text)
    __aeabi_drsub                            0x0800091f   Thumb Code     6  dadd.o(.text)
    __aeabi_ddiv                             0x08000925   Thumb Code   222  ddiv.o(.text)
    __aeabi_d2ulz                            0x08000a03   Thumb Code    48  dfixul.o(.text)
    __scatterload                            0x08000a35   Thumb Code    28  init.o(.text)
    __scatterload_rt2                        0x08000a35   Thumb Code     0  init.o(.text)
    __aeabi_llsl                             0x08000a59   Thumb Code    30  llshl.o(.text)
    _ll_shift_l                              0x08000a59   Thumb Code     0  llshl.o(.text)
    __aeabi_lasr                             0x08000a77   Thumb Code    36  llsshr.o(.text)
    _ll_sshift_r                             0x08000a77   Thumb Code     0  llsshr.o(.text)
    __decompress                             0x08000a9b   Thumb Code     0  __dczerorl.o(.text)
    __decompress0                            0x08000a9b   Thumb Code    58  __dczerorl.o(.text)
    BusFault_Handler                         0x08000ad5   Thumb Code     4  stm32f1xx_it.o(i.BusFault_Handler)
    CPU_TS_TmrRd                             0x08000ad9   Thumb Code     6  core_delay.o(i.CPU_TS_TmrRd)
    CPU_TS_Tmr_Delay_US                      0x08000ae5   Thumb Code    76  core_delay.o(i.CPU_TS_Tmr_Delay_US)
    DMA1_Channel2_IRQHandler                 0x08000b35   Thumb Code    10  stm32f1xx_it.o(i.DMA1_Channel2_IRQHandler)
    DMA1_Channel3_IRQHandler                 0x08000b45   Thumb Code    10  stm32f1xx_it.o(i.DMA1_Channel3_IRQHandler)
    DMA1_Channel4_IRQHandler                 0x08000b55   Thumb Code    10  stm32f1xx_it.o(i.DMA1_Channel4_IRQHandler)
    DMA1_Channel5_IRQHandler                 0x08000b65   Thumb Code    10  stm32f1xx_it.o(i.DMA1_Channel5_IRQHandler)
    DMA1_Channel7_IRQHandler                 0x08000b75   Thumb Code    10  stm32f1xx_it.o(i.DMA1_Channel7_IRQHandler)
    DebugMon_Handler                         0x08000bb1   Thumb Code     2  stm32f1xx_it.o(i.DebugMon_Handler)
    EXTI15_10_IRQHandler                     0x08000bb3   Thumb Code    12  stm32f1xx_it.o(i.EXTI15_10_IRQHandler)
    EXTI9_5_IRQHandler                       0x08000bbf   Thumb Code    10  stm32f1xx_it.o(i.EXTI9_5_IRQHandler)
    Emm_V5_Pos_Control                       0x08000bc9   Thumb Code    84  motor_ctrl.o(i.Emm_V5_Pos_Control)
    Emm_V5_Stop_Now                          0x08000c21   Thumb Code    38  motor_ctrl.o(i.Emm_V5_Stop_Now)
    Error_Handler                            0x08000c4d   Thumb Code     6  main.o(i.Error_Handler)
    GET_CURRENT                              0x08000c55   Thumb Code    48  ina228.o(i.GET_CURRENT)
    GET_VBUS                                 0x08000c8d   Thumb Code    38  ina228.o(i.GET_VBUS)
    GP8211S_Init                             0x08000cb9   Thumb Code    42  gp8211s.o(i.GP8211S_Init)
    GP8211S_Set_Value                        0x08000ce5   Thumb Code    90  gp8211s.o(i.GP8211S_Set_Value)
    HAL_DMA_Abort                            0x08000d49   Thumb Code    86  stm32f1xx_hal_dma.o(i.HAL_DMA_Abort)
    HAL_DMA_Abort_IT                         0x08000da1   Thumb Code   414  stm32f1xx_hal_dma.o(i.HAL_DMA_Abort_IT)
    HAL_DMA_IRQHandler                       0x08000f49   Thumb Code   910  stm32f1xx_hal_dma.o(i.HAL_DMA_IRQHandler)
    HAL_DMA_Init                             0x080012e1   Thumb Code   132  stm32f1xx_hal_dma.o(i.HAL_DMA_Init)
    HAL_DMA_Start_IT                         0x0800136d   Thumb Code   156  stm32f1xx_hal_dma.o(i.HAL_DMA_Start_IT)
    HAL_GPIO_EXTI_Callback                   0x08001409   Thumb Code    72  main.o(i.HAL_GPIO_EXTI_Callback)
    HAL_GPIO_EXTI_IRQHandler                 0x08001469   Thumb Code    24  stm32f1xx_hal_gpio.o(i.HAL_GPIO_EXTI_IRQHandler)
    HAL_GPIO_Init                            0x08001485   Thumb Code   792  stm32f1xx_hal_gpio.o(i.HAL_GPIO_Init)
    HAL_GPIO_ReadPin                         0x080017c5   Thumb Code    16  stm32f1xx_hal_gpio.o(i.HAL_GPIO_ReadPin)
    HAL_GPIO_WritePin                        0x080017d5   Thumb Code    12  stm32f1xx_hal_gpio.o(i.HAL_GPIO_WritePin)
    HAL_GetTick                              0x080017e1   Thumb Code    18  core_delay.o(i.HAL_GetTick)
    HAL_IncTick                              0x080017fd   Thumb Code    16  stm32f1xx_hal.o(i.HAL_IncTick)
    HAL_Init                                 0x08001815   Thumb Code    34  stm32f1xx_hal.o(i.HAL_Init)
    HAL_InitTick                             0x0800183d   Thumb Code    34  core_delay.o(i.HAL_InitTick)
    HAL_MspInit                              0x08001869   Thumb Code    76  stm32f1xx_hal_msp.o(i.HAL_MspInit)
    HAL_NVIC_EnableIRQ                       0x080018bd   Thumb Code    32  stm32f1xx_hal_cortex.o(i.HAL_NVIC_EnableIRQ)
    HAL_NVIC_SetPriority                     0x080018dd   Thumb Code   124  stm32f1xx_hal_cortex.o(i.HAL_NVIC_SetPriority)
    HAL_NVIC_SetPriorityGrouping             0x08001959   Thumb Code    32  stm32f1xx_hal_cortex.o(i.HAL_NVIC_SetPriorityGrouping)
    HAL_RCC_ClockConfig                      0x08001981   Thumb Code   376  stm32f1xx_hal_rcc.o(i.HAL_RCC_ClockConfig)
    HAL_RCC_GetHCLKFreq                      0x08001b0d   Thumb Code     6  stm32f1xx_hal_rcc.o(i.HAL_RCC_GetHCLKFreq)
    HAL_RCC_GetPCLK1Freq                     0x08001b19   Thumb Code    22  stm32f1xx_hal_rcc.o(i.HAL_RCC_GetPCLK1Freq)
    HAL_RCC_GetPCLK2Freq                     0x08001b39   Thumb Code    22  stm32f1xx_hal_rcc.o(i.HAL_RCC_GetPCLK2Freq)
    HAL_RCC_GetSysClockFreq                  0x08001b59   Thumb Code    92  stm32f1xx_hal_rcc.o(i.HAL_RCC_GetSysClockFreq)
    HAL_RCC_OscConfig                        0x08001bc9   Thumb Code  1114  stm32f1xx_hal_rcc.o(i.HAL_RCC_OscConfig)
    HAL_TIMEx_BreakCallback                  0x0800202d   Thumb Code     2  stm32f1xx_hal_tim_ex.o(i.HAL_TIMEx_BreakCallback)
    HAL_TIMEx_CommutCallback                 0x0800202f   Thumb Code     2  stm32f1xx_hal_tim_ex.o(i.HAL_TIMEx_CommutCallback)
    HAL_TIMEx_MasterConfigSynchronization    0x08002031   Thumb Code   134  stm32f1xx_hal_tim_ex.o(i.HAL_TIMEx_MasterConfigSynchronization)
    HAL_TIM_Base_Init                        0x080020cd   Thumb Code   102  stm32f1xx_hal_tim.o(i.HAL_TIM_Base_Init)
    HAL_TIM_Base_MspInit                     0x08002135   Thumb Code   262  tim.o(i.HAL_TIM_Base_MspInit)
    HAL_TIM_Base_Start_IT                    0x08002251   Thumb Code   122  stm32f1xx_hal_tim.o(i.HAL_TIM_Base_Start_IT)
    HAL_TIM_ConfigClockSource                0x080022e1   Thumb Code   268  stm32f1xx_hal_tim.o(i.HAL_TIM_ConfigClockSource)
    HAL_TIM_IC_CaptureCallback               0x080023ed   Thumb Code     2  stm32f1xx_hal_tim.o(i.HAL_TIM_IC_CaptureCallback)
    HAL_TIM_IC_ConfigChannel                 0x080023ef   Thumb Code   222  stm32f1xx_hal_tim.o(i.HAL_TIM_IC_ConfigChannel)
    HAL_TIM_IC_Init                          0x080024cd   Thumb Code   102  stm32f1xx_hal_tim.o(i.HAL_TIM_IC_Init)
    HAL_TIM_IC_MspInit                       0x08002533   Thumb Code     2  stm32f1xx_hal_tim.o(i.HAL_TIM_IC_MspInit)
    HAL_TIM_IRQHandler                       0x08002535   Thumb Code   406  stm32f1xx_hal_tim.o(i.HAL_TIM_IRQHandler)
    HAL_TIM_MspPostInit                      0x080026cd   Thumb Code   164  tim.o(i.HAL_TIM_MspPostInit)
    HAL_TIM_OC_DelayElapsedCallback          0x08002785   Thumb Code     2  stm32f1xx_hal_tim.o(i.HAL_TIM_OC_DelayElapsedCallback)
    HAL_TIM_PWM_ConfigChannel                0x08002787   Thumb Code   260  stm32f1xx_hal_tim.o(i.HAL_TIM_PWM_ConfigChannel)
    HAL_TIM_PWM_Init                         0x0800288b   Thumb Code   102  stm32f1xx_hal_tim.o(i.HAL_TIM_PWM_Init)
    HAL_TIM_PWM_MspInit                      0x080028f1   Thumb Code     2  stm32f1xx_hal_tim.o(i.HAL_TIM_PWM_MspInit)
    HAL_TIM_PWM_PulseFinishedCallback        0x080028f3   Thumb Code     2  stm32f1xx_hal_tim.o(i.HAL_TIM_PWM_PulseFinishedCallback)
    HAL_TIM_PWM_Start                        0x080028f5   Thumb Code   222  stm32f1xx_hal_tim.o(i.HAL_TIM_PWM_Start)
    HAL_TIM_PWM_Stop                         0x080029e9   Thumb Code   160  stm32f1xx_hal_tim.o(i.HAL_TIM_PWM_Stop)
    HAL_TIM_PeriodElapsedCallback            0x08002a91   Thumb Code   102  main.o(i.HAL_TIM_PeriodElapsedCallback)
    HAL_TIM_TriggerCallback                  0x08002b15   Thumb Code     2  stm32f1xx_hal_tim.o(i.HAL_TIM_TriggerCallback)
    HAL_UARTEx_ReceiveToIdle_DMA             0x08002b17   Thumb Code   114  stm32f1xx_hal_uart.o(i.HAL_UARTEx_ReceiveToIdle_DMA)
    HAL_UARTEx_RxEventCallback               0x08002b89   Thumb Code   252  main.o(i.HAL_UARTEx_RxEventCallback)
    HAL_UART_DMAStop                         0x08002ca9   Thumb Code   138  stm32f1xx_hal_uart.o(i.HAL_UART_DMAStop)
    HAL_UART_ErrorCallback                   0x08002d33   Thumb Code     2  stm32f1xx_hal_uart.o(i.HAL_UART_ErrorCallback)
    HAL_UART_IRQHandler                      0x08002d35   Thumb Code   736  stm32f1xx_hal_uart.o(i.HAL_UART_IRQHandler)
    HAL_UART_Init                            0x08003019   Thumb Code   118  stm32f1xx_hal_uart.o(i.HAL_UART_Init)
    HAL_UART_MspInit                         0x08003091   Thumb Code   674  usart.o(i.HAL_UART_MspInit)
    HAL_UART_RxCpltCallback                  0x0800336d   Thumb Code     2  stm32f1xx_hal_uart.o(i.HAL_UART_RxCpltCallback)
    HAL_UART_RxHalfCpltCallback              0x0800336f   Thumb Code     2  stm32f1xx_hal_uart.o(i.HAL_UART_RxHalfCpltCallback)
    HAL_UART_Transmit                        0x08003371   Thumb Code   178  stm32f1xx_hal_uart.o(i.HAL_UART_Transmit)
    HAL_UART_Transmit_DMA                    0x08003425   Thumb Code   128  stm32f1xx_hal_uart.o(i.HAL_UART_Transmit_DMA)
    HAL_UART_TxCpltCallback                  0x080034b1   Thumb Code     2  stm32f1xx_hal_uart.o(i.HAL_UART_TxCpltCallback)
    HAL_UART_TxHalfCpltCallback              0x080034b3   Thumb Code     2  stm32f1xx_hal_uart.o(i.HAL_UART_TxHalfCpltCallback)
    HardFault_Handler                        0x080034b5   Thumb Code     4  stm32f1xx_it.o(i.HardFault_Handler)
    IIC_Ack                                  0x080034b9   Thumb Code    66  myiic.o(i.IIC_Ack)
    IIC_Init                                 0x08003509   Thumb Code    70  myiic.o(i.IIC_Init)
    IIC_Send_Byte                            0x08003561   Thumb Code    90  myiic.o(i.IIC_Send_Byte)
    IIC_Start                                0x080035c9   Thumb Code    64  myiic.o(i.IIC_Start)
    IIC_Stop                                 0x08003615   Thumb Code    62  myiic.o(i.IIC_Stop)
    INA228_Init                              0x08003661   Thumb Code    32  ina228.o(i.INA228_Init)
    INA228_Read3Byte                         0x08003681   Thumb Code   100  ina228.o(i.INA228_Read3Byte)
    INA228_Write2Byte                        0x080036e5   Thumb Code    98  ina228.o(i.INA228_Write2Byte)
    INAIIC_Ack                               0x08003749   Thumb Code    66  ina228.o(i.INAIIC_Ack)
    INAIIC_Init                              0x08003799   Thumb Code    72  ina228.o(i.INAIIC_Init)
    INAIIC_NAck                              0x080037f1   Thumb Code    66  ina228.o(i.INAIIC_NAck)
    INAIIC_Read_Byte                         0x08003841   Thumb Code    98  ina228.o(i.INAIIC_Read_Byte)
    INAIIC_Send_Byte                         0x080038b1   Thumb Code    90  ina228.o(i.INAIIC_Send_Byte)
    INAIIC_Start                             0x08003919   Thumb Code    64  ina228.o(i.INAIIC_Start)
    INAIIC_Stop                              0x08003965   Thumb Code    62  ina228.o(i.INAIIC_Stop)
    INAIIC_Wait_Ack                          0x080039b1   Thumb Code    86  ina228.o(i.INAIIC_Wait_Ack)
    Incremental_PID                          0x08003a15   Thumb Code   446  pid.o(i.Incremental_PID)
    Incremental_PIDv                         0x08003c15   Thumb Code   442  pid.o(i.Incremental_PIDv)
    LuxValueCorrect                          0x08003e1d   Thumb Code  1220  pid_dowith.o(i.LuxValueCorrect)
    Lux_control                              0x080042e5   Thumb Code   898  pid.o(i.Lux_control)
    Lux_controlv                             0x080046f5   Thumb Code  1344  pid.o(i.Lux_controlv)
    MX_DMA_Init                              0x08004c91   Thumb Code   112  dma.o(i.MX_DMA_Init)
    MX_GPIO_Init                             0x08004d05   Thumb Code   418  gpio.o(i.MX_GPIO_Init)
    MX_TIM1_Init                             0x08004ec1   Thumb Code   152  tim.o(i.MX_TIM1_Init)
    MX_TIM2_Init                             0x08004f61   Thumb Code   160  tim.o(i.MX_TIM2_Init)
    MX_TIM3_Init                             0x08005005   Thumb Code   100  tim.o(i.MX_TIM3_Init)
    MX_TIM4_Init                             0x08005071   Thumb Code   154  tim.o(i.MX_TIM4_Init)
    MX_USART1_UART_Init                      0x08005115   Thumb Code    72  usart.o(i.MX_USART1_UART_Init)
    MX_USART2_UART_Init                      0x08005169   Thumb Code    46  usart.o(i.MX_USART2_UART_Init)
    MX_USART3_UART_Init                      0x080051a1   Thumb Code    72  usart.o(i.MX_USART3_UART_Init)
    Median_Filter                            0x080051f5   Thumb Code    90  pid_dowith.o(i.Median_Filter)
    MemManage_Handler                        0x0800524f   Thumb Code     4  stm32f1xx_it.o(i.MemManage_Handler)
    NMI_Handler                              0x08005253   Thumb Code     4  stm32f1xx_it.o(i.NMI_Handler)
    PID_LightControl                         0x08005259   Thumb Code   744  pid_dowith.o(i.PID_LightControl)
    PendSV_Handler                           0x08005591   Thumb Code     2  stm32f1xx_it.o(i.PendSV_Handler)
    ReadSHT3x                                0x080055bd   Thumb Code   208  sht30.o(i.ReadSHT3x)
    SHT3x_CRC_CAL                            0x080056a1   Thumb Code    60  sht30.o(i.SHT3x_CRC_CAL)
    SHT3x_I2C_START                          0x080056dd   Thumb Code    46  sht30.o(i.SHT3x_I2C_START)
    SHT3x_I2C_STOP                           0x08005715   Thumb Code    36  sht30.o(i.SHT3x_I2C_STOP)
    SHT3x_I2C_SendByte                       0x08005741   Thumb Code    66  sht30.o(i.SHT3x_I2C_SendByte)
    SHT3x_Init                               0x0800578d   Thumb Code   178  sht30.o(i.SHT3x_Init)
    SHT3x_ReadData                           0x0800584d   Thumb Code   114  sht30.o(i.SHT3x_ReadData)
    SHT3x_WriteByte                          0x080058c9   Thumb Code    46  sht30.o(i.SHT3x_WriteByte)
    SVC_Handler                              0x080058f7   Thumb Code     2  stm32f1xx_it.o(i.SVC_Handler)
    SysTick_Handler                          0x080058f9   Thumb Code     8  stm32f1xx_it.o(i.SysTick_Handler)
    SystemClock_Config                       0x08005901   Thumb Code   102  main.o(i.SystemClock_Config)
    SystemInit                               0x08005967   Thumb Code     2  system_stm32f1xx.o(i.SystemInit)
    TIM2_IRQHandler                          0x08005969   Thumb Code    10  stm32f1xx_it.o(i.TIM2_IRQHandler)
    TIM3_IRQHandler                          0x08005979   Thumb Code    10  stm32f1xx_it.o(i.TIM3_IRQHandler)
    TIM4_IRQHandler                          0x08005989   Thumb Code    10  stm32f1xx_it.o(i.TIM4_IRQHandler)
    TIM_Base_SetConfig                       0x08005999   Thumb Code   134  stm32f1xx_hal_tim.o(i.TIM_Base_SetConfig)
    TIM_CCxChannelCmd                        0x08005a35   Thumb Code    34  stm32f1xx_hal_tim.o(i.TIM_CCxChannelCmd)
    TIM_ETR_SetConfig                        0x08005a57   Thumb Code    22  stm32f1xx_hal_tim.o(i.TIM_ETR_SetConfig)
    TIM_OC2_SetConfig                        0x08005af1   Thumb Code   114  stm32f1xx_hal_tim.o(i.TIM_OC2_SetConfig)
    TIM_TI1_SetConfig                        0x08005c61   Thumb Code   102  stm32f1xx_hal_tim.o(i.TIM_TI1_SetConfig)
    UART_Start_Receive_DMA                   0x08006201   Thumb Code   186  stm32f1xx_hal_uart.o(i.UART_Start_Receive_DMA)
    USART1_IRQHandler                        0x080063bd   Thumb Code    10  stm32f1xx_it.o(i.USART1_IRQHandler)
    USART2_IRQHandler                        0x080063cd   Thumb Code    10  stm32f1xx_it.o(i.USART2_IRQHandler)
    USART3_IRQHandler                        0x080063dd   Thumb Code    10  stm32f1xx_it.o(i.USART3_IRQHandler)
    UsageFault_Handler                       0x080063ed   Thumb Code     4  stm32f1xx_it.o(i.UsageFault_Handler)
    WaitAck                                  0x080063f1   Thumb Code    44  sht30.o(i.WaitAck)
    __0printf                                0x08006425   Thumb Code    22  printfa.o(i.__0printf)
    __1printf                                0x08006425   Thumb Code     0  printfa.o(i.__0printf)
    __2printf                                0x08006425   Thumb Code     0  printfa.o(i.__0printf)
    __c89printf                              0x08006425   Thumb Code     0  printfa.o(i.__0printf)
    printf                                   0x08006425   Thumb Code     0  printfa.o(i.__0printf)
    __0snprintf                              0x08006445   Thumb Code    48  printfa.o(i.__0snprintf)
    __1snprintf                              0x08006445   Thumb Code     0  printfa.o(i.__0snprintf)
    __2snprintf                              0x08006445   Thumb Code     0  printfa.o(i.__0snprintf)
    __c89snprintf                            0x08006445   Thumb Code     0  printfa.o(i.__0snprintf)
    snprintf                                 0x08006445   Thumb Code     0  printfa.o(i.__0snprintf)
    __0sprintf                               0x08006479   Thumb Code    34  printfa.o(i.__0sprintf)
    __1sprintf                               0x08006479   Thumb Code     0  printfa.o(i.__0sprintf)
    __2sprintf                               0x08006479   Thumb Code     0  printfa.o(i.__0sprintf)
    __c89sprintf                             0x08006479   Thumb Code     0  printfa.o(i.__0sprintf)
    sprintf                                  0x08006479   Thumb Code     0  printfa.o(i.__0sprintf)
    __ARM_fpclassifyf                        0x080064a1   Thumb Code    38  fpclassifyf.o(i.__ARM_fpclassifyf)
    __mathlib_flt_infnan                     0x08006501   Thumb Code     6  funder.o(i.__mathlib_flt_infnan)
    __mathlib_flt_overflow                   0x08006507   Thumb Code    10  funder.o(i.__mathlib_flt_overflow)
    __mathlib_flt_underflow                  0x08006511   Thumb Code    10  funder.o(i.__mathlib_flt_underflow)
    __scatterload_copy                       0x0800651b   Thumb Code    14  handlers.o(i.__scatterload_copy)
    __scatterload_null                       0x08006529   Thumb Code     2  handlers.o(i.__scatterload_null)
    __scatterload_zeroinit                   0x0800652b   Thumb Code    14  handlers.o(i.__scatterload_zeroinit)
    __set_errno                              0x08006539   Thumb Code     6  errno.o(i.__set_errno)
    calculate_A2                             0x08006df1   Thumb Code   124  spectrum.o(i.calculate_A2)
    calculate_A2_1                           0x08006e85   Thumb Code   124  spectrum1.o(i.calculate_A2_1)
    calculate_A2_2                           0x08006f19   Thumb Code   124  spectrum2.o(i.calculate_A2_2)
    calculate_A2_3                           0x08006fad   Thumb Code   124  spectrum3.o(i.calculate_A2_3)
    calculate_a                              0x08007041   Thumb Code   124  spectrum.o(i.calculate_a)
    calculate_a_1                            0x080070d5   Thumb Code   124  spectrum1.o(i.calculate_a_1)
    calculate_a_2                            0x08007169   Thumb Code   124  spectrum2.o(i.calculate_a_2)
    calculate_a_3                            0x080071fd   Thumb Code   124  spectrum3.o(i.calculate_a_3)
    calculate_b                              0x08007291   Thumb Code   124  spectrum.o(i.calculate_b)
    calculate_b_1                            0x08007325   Thumb Code   124  spectrum1.o(i.calculate_b_1)
    calculate_b_2                            0x080073b9   Thumb Code   124  spectrum2.o(i.calculate_b_2)
    calculate_b_3                            0x0800744d   Thumb Code   124  spectrum3.o(i.calculate_b_3)
    calculate_c                              0x080074e1   Thumb Code   124  spectrum.o(i.calculate_c)
    calculate_c_1                            0x08007575   Thumb Code   124  spectrum1.o(i.calculate_c_1)
    calculate_c_2                            0x08007609   Thumb Code   124  spectrum2.o(i.calculate_c_2)
    calculate_c_3                            0x0800769d   Thumb Code   124  spectrum3.o(i.calculate_c_3)
    calculate_x1                             0x08007731   Thumb Code   124  spectrum.o(i.calculate_x1)
    calculate_x1_1                           0x080077c5   Thumb Code   124  spectrum1.o(i.calculate_x1_1)
    calculate_x1_2                           0x08007859   Thumb Code   124  spectrum2.o(i.calculate_x1_2)
    calculate_x1_3                           0x080078ed   Thumb Code   124  spectrum3.o(i.calculate_x1_3)
    compute_integrals                        0x08007981   Thumb Code   154  spectrum.o(i.compute_integrals)
    compute_integrals_1                      0x08007a31   Thumb Code   154  spectrum1.o(i.compute_integrals_1)
    compute_integrals_2                      0x08007ae1   Thumb Code   154  spectrum2.o(i.compute_integrals_2)
    compute_integrals_3                      0x08007b91   Thumb Code   154  spectrum3.o(i.compute_integrals_3)
    __mathlib_expf                           0x08007c41   Thumb Code     0  expf.o(i.expf)
    expf                                     0x08007c41   Thumb Code   322  expf.o(i.expf)
    fputc                                    0x08007db1   Thumb Code    34  main.o(i.fputc)
    ina_task                                 0x08007dd9   Thumb Code   152  main.o(i.ina_task)
    light_off                                0x08007e9d   Thumb Code   106  main.o(i.light_off)
    light_task                               0x08007f19   Thumb Code  1342  main.o(i.light_task)
    main                                     0x08008489   Thumb Code   972  main.o(i.main)
    motor_task                               0x080088f5   Thumb Code   166  main.o(i.motor_task)
    reset_task                               0x080089a5   Thumb Code   112  main.o(i.reset_task)
    update_and_use_spectrum                  0x08008a29   Thumb Code    34  spectrum.o(i.update_and_use_spectrum)
    update_and_use_spectrum_1                0x08008a5d   Thumb Code    34  spectrum1.o(i.update_and_use_spectrum_1)
    update_and_use_spectrum_2                0x08008a91   Thumb Code    34  spectrum2.o(i.update_and_use_spectrum_2)
    update_and_use_spectrum_3                0x08008ac5   Thumb Code    34  spectrum3.o(i.update_and_use_spectrum_3)
    update_spectrum_array                    0x08008af9   Thumb Code   174  spectrum.o(i.update_spectrum_array)
    update_spectrum_array_1                  0x08008ba7   Thumb Code   184  spectrum1.o(i.update_spectrum_array_1)
    update_spectrum_array_2                  0x08008c5f   Thumb Code   174  spectrum2.o(i.update_spectrum_array_2)
    update_spectrum_array_3                  0x08008d0d   Thumb Code   174  spectrum3.o(i.update_spectrum_array_3)
    usart3_SendByte                          0x08008dbd   Thumb Code    18  usart.o(i.usart3_SendByte)
    usart3_SendCmd                           0x08008dd5   Thumb Code    44  usart.o(i.usart3_SendCmd)
    usart_SendCmd                            0x08008e01   Thumb Code    18  usart.o(i.usart_SendCmd)
    X_array                                  0x08008e18   Data         902  spectrum.o(.constdata)
    Excitation                               0x080091a0   Data        1804  spectrum.o(.constdata)
    Excitation_T                             0x080098ac   Data        1804  spectrum.o(.constdata)
    X_array1                                 0x08009fb8   Data         902  spectrum1.o(.constdata)
    Excitation1                              0x0800a340   Data        1804  spectrum1.o(.constdata)
    Excitation1_T                            0x0800aa4c   Data        1804  spectrum1.o(.constdata)
    X_array2                                 0x0800b158   Data         902  spectrum2.o(.constdata)
    Excitation2                              0x0800b4e0   Data        1804  spectrum2.o(.constdata)
    Excitation2_T                            0x0800bbec   Data        1804  spectrum2.o(.constdata)
    X_array3                                 0x0800c2f8   Data         902  spectrum3.o(.constdata)
    Excitation3                              0x0800c680   Data        1804  spectrum3.o(.constdata)
    Excitation3_T                            0x0800cd8c   Data        1804  spectrum3.o(.constdata)
    AHBPrescTable                            0x0800d4aa   Data          16  system_stm32f1xx.o(.constdata)
    APBPrescTable                            0x0800d4ba   Data           8  system_stm32f1xx.o(.constdata)
    Region$$Table$$Base                      0x0800d4f4   Number         0  anon$$obj.o(Region$$Table)
    Region$$Table$$Limit                     0x0800d514   Number         0  anon$$obj.o(Region$$Table)
    ina1s_flag                               0x20000000   Data           1  main.o(.data)
    temp_flag                                0x20000001   Data           1  main.o(.data)
    adj_flag                                 0x20000002   Data           1  main.o(.data)
    printf_flag                              0x20000003   Data           1  main.o(.data)
    temp_times                               0x20000004   Data           1  main.o(.data)
    Singer_Temp                              0x20000008   Data           4  main.o(.data)
    Total_Temp                               0x2000000c   Data           4  main.o(.data)
    Current_VALUE                            0x20000010   Data           4  main.o(.data)
    Temp                                     0x20000014   Data           4  main.o(.data)
    Hum                                      0x20000018   Data           4  main.o(.data)
    str_len                                  0x2000001c   Data           1  main.o(.data)
    motor_flag                               0x2000001d   Data           1  main.o(.data)
    light_flag                               0x2000001e   Data           1  main.o(.data)
    reset_flag                               0x2000001f   Data           1  main.o(.data)
    ina_flag                                 0x20000020   Data           1  main.o(.data)
    baseflag                                 0x20000021   Data           1  main.o(.data)
    mode_flag                                0x20000022   Data           1  main.o(.data)
    arrive_flag                              0x20000023   Data           1  main.o(.data)
    Nchange_flag                             0x20000024   Data           1  main.o(.data)
    rx_flag                                  0x20000025   Data           1  main.o(.data)
    get_bc_flag                              0x20000026   Data           1  main.o(.data)
    get_bt_flag                              0x20000027   Data           1  main.o(.data)
    temp_printf_flag                         0x20000028   Data           1  main.o(.data)
    LED_Val                                  0x2000002c   Data           4  main.o(.data)
    LED_Val_1                                0x20000030   Data           4  main.o(.data)
    LED_Val_2                                0x20000034   Data           4  main.o(.data)
    LED_Val_3                                0x20000038   Data           4  main.o(.data)
    LED_Val_4                                0x2000003c   Data           4  main.o(.data)
    Current_Reg_VALUE                        0x20000040   Data           4  main.o(.data)
    Bus_V_Reg_VALUE                          0x20000044   Data           4  main.o(.data)
    LED_temp                                 0x20000048   Data           4  main.o(.data)
    LED_current                              0x2000004c   Data           4  main.o(.data)
    VBUS_VALUE                               0x20000050   Data           4  main.o(.data)
    BASE_Current                             0x20000054   Data           4  main.o(.data)
    BASE_VBUS                                0x20000058   Data           4  main.o(.data)
    BASE_TEMP                                0x2000005c   Data           4  main.o(.data)
    ADJ_TEMP                                 0x20000060   Data           4  main.o(.data)
    adj_current                              0x20000064   Data           4  main.o(.data)
    TARGET                                   0x20000068   Data           4  main.o(.data)
    USER_SETDC                               0x2000006c   Data           4  main.o(.data)
    NOW_SETDC                                0x20000070   Data           4  main.o(.data)
    BUSY_BUFF                                0x20000074   Data           3  main.o(.data)
    ERROR_BUFF                               0x20000077   Data           3  main.o(.data)
    MODE                                     0x2000007a   Data           1  main.o(.data)
    WPID_BUFF                                0x2000007b   Data          17  main.o(.data)
    RPID_BUFF                                0x2000008c   Data           3  main.o(.data)
    temp_counter                             0x20000090   Data           2  main.o(.data)
    current_counter                          0x20000092   Data           2  main.o(.data)
    printf_couner                            0x20000094   Data           2  main.o(.data)
    channel                                  0x20000096   Data           1  main.o(.data)
    action                                   0x20000097   Data           1  main.o(.data)
    level                                    0x20000098   Data           1  main.o(.data)
    Y_integral                               0x2000009c   Data           4  spectrum.o(.data)
    Z_integral                               0x200000a0   Data           4  spectrum.o(.data)
    y_result                                 0x200000a4   Data           4  spectrum.o(.data)
    z_result                                 0x200000a8   Data           4  spectrum.o(.data)
    Lux_OutPWM                               0x200000b8   Data           4  pid.o(.data)
    Lux_OutPWM0                              0x200000bc   Data           4  pid.o(.data)
    real_getValue                            0x200000c0   Data           4  pid.o(.data)
    count_pid                                0x200000c4   Data           4  pid.o(.data)
    count_PWM0                               0x200000c8   Data           4  pid.o(.data)
    k_zhendang_1                             0x200000cc   Data           4  pid.o(.data)
    k_zhendang_2                             0x200000d0   Data           4  pid.o(.data)
    PID_fly                                  0x200000d4   Data           4  pid.o(.data)
    flag_pidchange                           0x200000d8   Data           4  pid.o(.data)
    get_Lux                                  0x200000dc   Data           4  pid.o(.data)
    t                                        0x200000e0   Data           4  pid.o(.data)
    flag_findtarget                          0x20000104   Data           4  pid_dowith.o(.data)
    flag_target                              0x20000108   Data           4  pid_dowith.o(.data)
    flag_PI                                  0x2000010c   Data           4  pid_dowith.o(.data)
    flag_PI_2                                0x20000110   Data           4  pid_dowith.o(.data)
    k_flagPI                                 0x20000114   Data           4  pid_dowith.o(.data)
    i                                        0x20000118   Data           4  pid_dowith.o(.data)
    Val                                      0x2000011c   Data           4  pid_dowith.o(.data)
    last_Val                                 0x20000120   Data           4  pid_dowith.o(.data)
    k_target                                 0x20000124   Data           4  pid_dowith.o(.data)
    getValue_send                            0x20000128   Data           4  pid_dowith.o(.data)
    k_zhongzhifilter                         0x2000012c   Data           4  pid_dowith.o(.data)
    PIDcontrol_ENABLE                        0x20000130   Data           4  pid_dowith.o(.data)
    z_init_count                             0x20000134   Data           4  pid_dowith.o(.data)
    temp_1                                   0x20000138   Data           4  pid_dowith.o(.data)
    target                                   0x2000013c   Data           4  pid_dowith.o(.data)
    k                                        0x20000140   Data           4  pid_dowith.o(.data)
    k1                                       0x20000144   Data           4  pid_dowith.o(.data)
    k2                                       0x20000148   Data           4  pid_dowith.o(.data)
    k0                                       0x2000014c   Data           4  pid_dowith.o(.data)
    dc                                       0x20000150   Data           4  pid_dowith.o(.data)
    z1                                       0x20000154   Data           4  pid_dowith.o(.data)
    y1                                       0x20000158   Data           4  pid_dowith.o(.data)
    k3                                       0x2000015c   Data           4  pid_dowith.o(.data)
    Y_integral1                              0x20000160   Data           4  spectrum1.o(.data)
    Z_integral1                              0x20000164   Data           4  spectrum1.o(.data)
    y_result1                                0x20000168   Data           4  spectrum1.o(.data)
    z_result1                                0x2000016c   Data           4  spectrum1.o(.data)
    Y_integral2                              0x20000170   Data           4  spectrum2.o(.data)
    Z_integral2                              0x20000174   Data           4  spectrum2.o(.data)
    y_result2                                0x20000178   Data           4  spectrum2.o(.data)
    z_result2                                0x2000017c   Data           4  spectrum2.o(.data)
    Y_integral3                              0x20000180   Data           4  spectrum3.o(.data)
    Z_integral3                              0x20000184   Data           4  spectrum3.o(.data)
    y_result3                                0x20000188   Data           4  spectrum3.o(.data)
    z_result3                                0x2000018c   Data           4  spectrum3.o(.data)
    uwTick                                   0x20000190   Data           4  stm32f1xx_hal.o(.data)
    uwTickPrio                               0x20000194   Data           4  stm32f1xx_hal.o(.data)
    uwTickFreq                               0x20000198   Data           1  stm32f1xx_hal.o(.data)
    SystemCoreClock                          0x2000019c   Data           4  system_stm32f1xx.o(.data)
    __stdout                                 0x200001a0   Data           4  stdout.o(.data)
    TASK_BUFF                                0x200001c8   Data          20  main.o(.bss)
    CURRENT_BUFF                             0x200001dc   Data           9  main.o(.bss)
    CMP_BUFF                                 0x200001e5   Data          10  main.o(.bss)
    MOTOR                                    0x200001f0   Data          16  main.o(.bss)
    htim1                                    0x20000200   Data          72  tim.o(.bss)
    htim2                                    0x20000248   Data          72  tim.o(.bss)
    htim3                                    0x20000290   Data          72  tim.o(.bss)
    htim4                                    0x200002d8   Data          72  tim.o(.bss)
    RX_BUFF                                  0x20000320   Data         100  usart.o(.bss)
    huart1                                   0x20000384   Data          72  usart.o(.bss)
    huart2                                   0x200003cc   Data          72  usart.o(.bss)
    huart3                                   0x20000414   Data          72  usart.o(.bss)
    hdma_usart1_tx                           0x2000045c   Data          68  usart.o(.bss)
    hdma_usart1_rx                           0x200004a0   Data          68  usart.o(.bss)
    hdma_usart2_tx                           0x200004e4   Data          68  usart.o(.bss)
    hdma_usart3_tx                           0x20000528   Data          68  usart.o(.bss)
    hdma_usart3_rx                           0x2000056c   Data          68  usart.o(.bss)
    Y_array                                  0x200005b0   Data        1804  spectrum.o(.bss)
    Z_array                                  0x20000cbc   Data        1804  spectrum.o(.bss)
    zhendang_1                               0x200013e4   Data          40  pid.o(.bss)
    Val_1                                    0x2000140c   Data          80  pid_dowith.o(.bss)
    getValue_1                               0x2000145c   Data          80  pid_dowith.o(.bss)
    LED_spec                                 0x200014ac   Data          28  pid_shared.o(.bss)
    Y_array1                                 0x200014c8   Data        1804  spectrum1.o(.bss)
    Z_array1                                 0x20001bd4   Data        1804  spectrum1.o(.bss)
    Y_array2                                 0x200022e0   Data        1804  spectrum2.o(.bss)
    Z_array2                                 0x200029ec   Data        1804  spectrum2.o(.bss)
    Y_array3                                 0x200030f8   Data        1804  spectrum3.o(.bss)
    Z_array3                                 0x20003804   Data        1804  spectrum3.o(.bss)
    __initial_sp                             0x20004310   Data           0  startup_stm32f103xe.o(STACK)



==============================================================================

Memory Map of the image

  Image Entry point : 0x08000131

  Load Region LR_IROM1 (Base: 0x08000000, Size: 0x0000d6bc, Max: 0x00040000, ABSOLUTE, COMPRESSED[0x0000d53c])

    Execution Region ER_IROM1 (Exec base: 0x08000000, Load base: 0x08000000, Size: 0x0000d514, Max: 0x00040000, ABSOLUTE)

    Exec Addr    Load Addr    Size         Type   Attr      Idx    E Section Name        Object

    0x08000000   0x08000000   0x00000130   Data   RO            3    RESET               startup_stm32f103xe.o
    0x08000130   0x08000130   0x00000000   Code   RO         3905  * .ARM.Collect$$$$00000000  mc_w.l(entry.o)
    0x08000130   0x08000130   0x00000004   Code   RO         4225    .ARM.Collect$$$$00000001  mc_w.l(entry2.o)
    0x08000134   0x08000134   0x00000004   Code   RO         4228    .ARM.Collect$$$$00000004  mc_w.l(entry5.o)
    0x08000138   0x08000138   0x00000000   Code   RO         4230    .ARM.Collect$$$$00000008  mc_w.l(entry7b.o)
    0x08000138   0x08000138   0x00000000   Code   RO         4232    .ARM.Collect$$$$0000000A  mc_w.l(entry8b.o)
    0x08000138   0x08000138   0x00000008   Code   RO         4233    .ARM.Collect$$$$0000000B  mc_w.l(entry9a.o)
    0x08000140   0x08000140   0x00000004   Code   RO         4240    .ARM.Collect$$$$0000000E  mc_w.l(entry12b.o)
    0x08000144   0x08000144   0x00000000   Code   RO         4235    .ARM.Collect$$$$0000000F  mc_w.l(entry10a.o)
    0x08000144   0x08000144   0x00000000   Code   RO         4237    .ARM.Collect$$$$00000011  mc_w.l(entry11a.o)
    0x08000144   0x08000144   0x00000004   Code   RO         4226    .ARM.Collect$$$$00002712  mc_w.l(entry2.o)
    0x08000148   0x08000148   0x00000024   Code   RO            4    .text               startup_stm32f103xe.o
    0x0800016c   0x0800016c   0x00000020   Code   RO         3908    .text               mc_w.l(llushr.o)
    0x0800018c   0x0800018c   0x00000024   Code   RO         3910    .text               mc_w.l(memcpya.o)
    0x080001b0   0x080001b0   0x00000024   Code   RO         3912    .text               mc_w.l(memseta.o)
    0x080001d4   0x080001d4   0x0000000e   Code   RO         3914    .text               mc_w.l(strlen.o)
    0x080001e2   0x080001e2   0x000000b0   Code   RO         4179    .text               mf_w.l(fadd.o)
    0x08000292   0x08000292   0x00000064   Code   RO         4181    .text               mf_w.l(fmul.o)
    0x080002f6   0x080002f6   0x0000007c   Code   RO         4183    .text               mf_w.l(fdiv.o)
    0x08000372   0x08000372   0x000000e4   Code   RO         4185    .text               mf_w.l(dmul.o)
    0x08000456   0x08000456   0x00000012   Code   RO         4187    .text               mf_w.l(fflti.o)
    0x08000468   0x08000468   0x0000000a   Code   RO         4189    .text               mf_w.l(ffltui.o)
    0x08000472   0x08000472   0x0000001a   Code   RO         4191    .text               mf_w.l(dfltui.o)
    0x0800048c   0x0800048c   0x00000032   Code   RO         4193    .text               mf_w.l(ffixi.o)
    0x080004be   0x080004be   0x00000028   Code   RO         4195    .text               mf_w.l(ffixui.o)
    0x080004e6   0x080004e6   0x00000026   Code   RO         4197    .text               mf_w.l(f2d.o)
    0x0800050c   0x0800050c   0x00000030   Code   RO         4199    .text               mf_w.l(cdcmple.o)
    0x0800053c   0x0800053c   0x00000030   Code   RO         4201    .text               mf_w.l(cdrcmple.o)
    0x0800056c   0x0800056c   0x00000038   Code   RO         4203    .text               mf_w.l(d2f.o)
    0x080005a4   0x080005a4   0x00000014   Code   RO         4205    .text               mf_w.l(cfcmple.o)
    0x080005b8   0x080005b8   0x00000014   Code   RO         4207    .text               mf_w.l(cfrcmple.o)
    0x080005cc   0x080005cc   0x0000002c   Code   RO         4242    .text               mc_w.l(uidiv.o)
    0x080005f8   0x080005f8   0x00000062   Code   RO         4244    .text               mc_w.l(uldiv.o)
    0x0800065a   0x0800065a   0x00000000   Code   RO         4253    .text               mc_w.l(iusefp.o)
    0x0800065a   0x0800065a   0x0000006e   Code   RO         4254    .text               mf_w.l(fepilogue.o)
    0x080006c8   0x080006c8   0x00000018   Code   RO         4256    .text               mf_w.l(fscalb.o)
    0x080006e0   0x080006e0   0x0000003c   Code   RO         4258    .text               mf_w.l(frnd.o)
    0x0800071c   0x0800071c   0x000000ba   Code   RO         4260    .text               mf_w.l(depilogue.o)
    0x080007d6   0x080007d6   0x0000014e   Code   RO         4262    .text               mf_w.l(dadd.o)
    0x08000924   0x08000924   0x000000de   Code   RO         4264    .text               mf_w.l(ddiv.o)
    0x08000a02   0x08000a02   0x00000030   Code   RO         4266    .text               mf_w.l(dfixul.o)
    0x08000a32   0x08000a32   0x00000002   PAD
    0x08000a34   0x08000a34   0x00000024   Code   RO         4270    .text               mc_w.l(init.o)
    0x08000a58   0x08000a58   0x0000001e   Code   RO         4272    .text               mc_w.l(llshl.o)
    0x08000a76   0x08000a76   0x00000024   Code   RO         4274    .text               mc_w.l(llsshr.o)
    0x08000a9a   0x08000a9a   0x0000003a   Code   RO         4284    .text               mc_w.l(__dczerorl.o)
    0x08000ad4   0x08000ad4   0x00000004   Code   RO          887    i.BusFault_Handler  stm32f1xx_it.o
    0x08000ad8   0x08000ad8   0x0000000c   Code   RO          518    i.CPU_TS_TmrRd      core_delay.o
    0x08000ae4   0x08000ae4   0x00000050   Code   RO          519    i.CPU_TS_Tmr_Delay_US  core_delay.o
    0x08000b34   0x08000b34   0x00000010   Code   RO          888    i.DMA1_Channel2_IRQHandler  stm32f1xx_it.o
    0x08000b44   0x08000b44   0x00000010   Code   RO          889    i.DMA1_Channel3_IRQHandler  stm32f1xx_it.o
    0x08000b54   0x08000b54   0x00000010   Code   RO          890    i.DMA1_Channel4_IRQHandler  stm32f1xx_it.o
    0x08000b64   0x08000b64   0x00000010   Code   RO          891    i.DMA1_Channel5_IRQHandler  stm32f1xx_it.o
    0x08000b74   0x08000b74   0x00000010   Code   RO          892    i.DMA1_Channel7_IRQHandler  stm32f1xx_it.o
    0x08000b84   0x08000b84   0x0000002c   Code   RO         2865    i.DMA_SetConfig     stm32f1xx_hal_dma.o
    0x08000bb0   0x08000bb0   0x00000002   Code   RO          893    i.DebugMon_Handler  stm32f1xx_it.o
    0x08000bb2   0x08000bb2   0x0000000c   Code   RO          894    i.EXTI15_10_IRQHandler  stm32f1xx_it.o
    0x08000bbe   0x08000bbe   0x0000000a   Code   RO          895    i.EXTI9_5_IRQHandler  stm32f1xx_it.o
    0x08000bc8   0x08000bc8   0x00000058   Code   RO          212    i.Emm_V5_Pos_Control  motor_ctrl.o
    0x08000c20   0x08000c20   0x0000002c   Code   RO          216    i.Emm_V5_Stop_Now   motor_ctrl.o
    0x08000c4c   0x08000c4c   0x00000006   Code   RO          560    i.Error_Handler     main.o
    0x08000c52   0x08000c52   0x00000002   PAD
    0x08000c54   0x08000c54   0x00000038   Code   RO          410    i.GET_CURRENT       ina228.o
    0x08000c8c   0x08000c8c   0x0000002c   Code   RO          411    i.GET_VBUS          ina228.o
    0x08000cb8   0x08000cb8   0x0000002a   Code   RO           13    i.GP8211S_Init      gp8211s.o
    0x08000ce2   0x08000ce2   0x00000002   PAD
    0x08000ce4   0x08000ce4   0x00000064   Code   RO           14    i.GP8211S_Set_Value  gp8211s.o
    0x08000d48   0x08000d48   0x00000056   Code   RO         2866    i.HAL_DMA_Abort     stm32f1xx_hal_dma.o
    0x08000d9e   0x08000d9e   0x00000002   PAD
    0x08000da0   0x08000da0   0x000001a8   Code   RO         2867    i.HAL_DMA_Abort_IT  stm32f1xx_hal_dma.o
    0x08000f48   0x08000f48   0x00000398   Code   RO         2871    i.HAL_DMA_IRQHandler  stm32f1xx_hal_dma.o
    0x080012e0   0x080012e0   0x0000008c   Code   RO         2872    i.HAL_DMA_Init      stm32f1xx_hal_dma.o
    0x0800136c   0x0800136c   0x0000009c   Code   RO         2876    i.HAL_DMA_Start_IT  stm32f1xx_hal_dma.o
    0x08001408   0x08001408   0x00000060   Code   RO          561    i.HAL_GPIO_EXTI_Callback  main.o
    0x08001468   0x08001468   0x0000001c   Code   RO         2801    i.HAL_GPIO_EXTI_IRQHandler  stm32f1xx_hal_gpio.o
    0x08001484   0x08001484   0x00000340   Code   RO         2802    i.HAL_GPIO_Init     stm32f1xx_hal_gpio.o
    0x080017c4   0x080017c4   0x00000010   Code   RO         2804    i.HAL_GPIO_ReadPin  stm32f1xx_hal_gpio.o
    0x080017d4   0x080017d4   0x0000000c   Code   RO         2806    i.HAL_GPIO_WritePin  stm32f1xx_hal_gpio.o
    0x080017e0   0x080017e0   0x0000001c   Code   RO          520    i.HAL_GetTick       core_delay.o
    0x080017fc   0x080017fc   0x00000018   Code   RO         2497    i.HAL_IncTick       stm32f1xx_hal.o
    0x08001814   0x08001814   0x00000028   Code   RO         2498    i.HAL_Init          stm32f1xx_hal.o
    0x0800183c   0x0800183c   0x0000002c   Code   RO          521    i.HAL_InitTick      core_delay.o
    0x08001868   0x08001868   0x00000054   Code   RO         1041    i.HAL_MspInit       stm32f1xx_hal_msp.o
    0x080018bc   0x080018bc   0x00000020   Code   RO         2962    i.HAL_NVIC_EnableIRQ  stm32f1xx_hal_cortex.o
    0x080018dc   0x080018dc   0x0000007c   Code   RO         2968    i.HAL_NVIC_SetPriority  stm32f1xx_hal_cortex.o
    0x08001958   0x08001958   0x00000028   Code   RO         2969    i.HAL_NVIC_SetPriorityGrouping  stm32f1xx_hal_cortex.o
    0x08001980   0x08001980   0x0000018c   Code   RO         2655    i.HAL_RCC_ClockConfig  stm32f1xx_hal_rcc.o
    0x08001b0c   0x08001b0c   0x0000000c   Code   RO         2660    i.HAL_RCC_GetHCLKFreq  stm32f1xx_hal_rcc.o
    0x08001b18   0x08001b18   0x00000020   Code   RO         2662    i.HAL_RCC_GetPCLK1Freq  stm32f1xx_hal_rcc.o
    0x08001b38   0x08001b38   0x00000020   Code   RO         2663    i.HAL_RCC_GetPCLK2Freq  stm32f1xx_hal_rcc.o
    0x08001b58   0x08001b58   0x00000070   Code   RO         2664    i.HAL_RCC_GetSysClockFreq  stm32f1xx_hal_rcc.o
    0x08001bc8   0x08001bc8   0x00000464   Code   RO         2667    i.HAL_RCC_OscConfig  stm32f1xx_hal_rcc.o
    0x0800202c   0x0800202c   0x00000002   Code   RO         2213    i.HAL_TIMEx_BreakCallback  stm32f1xx_hal_tim_ex.o
    0x0800202e   0x0800202e   0x00000002   Code   RO         2214    i.HAL_TIMEx_CommutCallback  stm32f1xx_hal_tim_ex.o
    0x08002030   0x08002030   0x0000009c   Code   RO         2232    i.HAL_TIMEx_MasterConfigSynchronization  stm32f1xx_hal_tim_ex.o
    0x080020cc   0x080020cc   0x00000066   Code   RO         1498    i.HAL_TIM_Base_Init  stm32f1xx_hal_tim.o
    0x08002132   0x08002132   0x00000002   PAD
    0x08002134   0x08002134   0x0000011c   Code   RO          743    i.HAL_TIM_Base_MspInit  tim.o
    0x08002250   0x08002250   0x00000090   Code   RO         1503    i.HAL_TIM_Base_Start_IT  stm32f1xx_hal_tim.o
    0x080022e0   0x080022e0   0x0000010c   Code   RO         1507    i.HAL_TIM_ConfigClockSource  stm32f1xx_hal_tim.o
    0x080023ec   0x080023ec   0x00000002   Code   RO         1532    i.HAL_TIM_IC_CaptureCallback  stm32f1xx_hal_tim.o
    0x080023ee   0x080023ee   0x000000de   Code   RO         1534    i.HAL_TIM_IC_ConfigChannel  stm32f1xx_hal_tim.o
    0x080024cc   0x080024cc   0x00000066   Code   RO         1537    i.HAL_TIM_IC_Init   stm32f1xx_hal_tim.o
    0x08002532   0x08002532   0x00000002   Code   RO         1539    i.HAL_TIM_IC_MspInit  stm32f1xx_hal_tim.o
    0x08002534   0x08002534   0x00000196   Code   RO         1546    i.HAL_TIM_IRQHandler  stm32f1xx_hal_tim.o
    0x080026ca   0x080026ca   0x00000002   PAD
    0x080026cc   0x080026cc   0x000000b8   Code   RO          744    i.HAL_TIM_MspPostInit  tim.o
    0x08002784   0x08002784   0x00000002   Code   RO         1549    i.HAL_TIM_OC_DelayElapsedCallback  stm32f1xx_hal_tim.o
    0x08002786   0x08002786   0x00000104   Code   RO         1570    i.HAL_TIM_PWM_ConfigChannel  stm32f1xx_hal_tim.o
    0x0800288a   0x0800288a   0x00000066   Code   RO         1573    i.HAL_TIM_PWM_Init  stm32f1xx_hal_tim.o
    0x080028f0   0x080028f0   0x00000002   Code   RO         1575    i.HAL_TIM_PWM_MspInit  stm32f1xx_hal_tim.o
    0x080028f2   0x080028f2   0x00000002   Code   RO         1576    i.HAL_TIM_PWM_PulseFinishedCallback  stm32f1xx_hal_tim.o
    0x080028f4   0x080028f4   0x000000f4   Code   RO         1578    i.HAL_TIM_PWM_Start  stm32f1xx_hal_tim.o
    0x080029e8   0x080029e8   0x000000a8   Code   RO         1581    i.HAL_TIM_PWM_Stop  stm32f1xx_hal_tim.o
    0x08002a90   0x08002a90   0x00000084   Code   RO          562    i.HAL_TIM_PeriodElapsedCallback  main.o
    0x08002b14   0x08002b14   0x00000002   Code   RO         1589    i.HAL_TIM_TriggerCallback  stm32f1xx_hal_tim.o
    0x08002b16   0x08002b16   0x00000072   Code   RO         3498    i.HAL_UARTEx_ReceiveToIdle_DMA  stm32f1xx_hal_uart.o
    0x08002b88   0x08002b88   0x00000120   Code   RO          563    i.HAL_UARTEx_RxEventCallback  main.o
    0x08002ca8   0x08002ca8   0x0000008a   Code   RO         3512    i.HAL_UART_DMAStop  stm32f1xx_hal_uart.o
    0x08002d32   0x08002d32   0x00000002   Code   RO         3514    i.HAL_UART_ErrorCallback  stm32f1xx_hal_uart.o
    0x08002d34   0x08002d34   0x000002e4   Code   RO         3517    i.HAL_UART_IRQHandler  stm32f1xx_hal_uart.o
    0x08003018   0x08003018   0x00000076   Code   RO         3518    i.HAL_UART_Init     stm32f1xx_hal_uart.o
    0x0800308e   0x0800308e   0x00000002   PAD
    0x08003090   0x08003090   0x000002dc   Code   RO          809    i.HAL_UART_MspInit  usart.o
    0x0800336c   0x0800336c   0x00000002   Code   RO         3524    i.HAL_UART_RxCpltCallback  stm32f1xx_hal_uart.o
    0x0800336e   0x0800336e   0x00000002   Code   RO         3525    i.HAL_UART_RxHalfCpltCallback  stm32f1xx_hal_uart.o
    0x08003370   0x08003370   0x000000b2   Code   RO         3526    i.HAL_UART_Transmit  stm32f1xx_hal_uart.o
    0x08003422   0x08003422   0x00000002   PAD
    0x08003424   0x08003424   0x0000008c   Code   RO         3527    i.HAL_UART_Transmit_DMA  stm32f1xx_hal_uart.o
    0x080034b0   0x080034b0   0x00000002   Code   RO         3529    i.HAL_UART_TxCpltCallback  stm32f1xx_hal_uart.o
    0x080034b2   0x080034b2   0x00000002   Code   RO         3530    i.HAL_UART_TxHalfCpltCallback  stm32f1xx_hal_uart.o
    0x080034b4   0x080034b4   0x00000004   Code   RO          896    i.HardFault_Handler  stm32f1xx_it.o
    0x080034b8   0x080034b8   0x00000050   Code   RO          140    i.IIC_Ack           myiic.o
    0x08003508   0x08003508   0x00000058   Code   RO          141    i.IIC_Init          myiic.o
    0x08003560   0x08003560   0x00000068   Code   RO          144    i.IIC_Send_Byte     myiic.o
    0x080035c8   0x080035c8   0x0000004c   Code   RO          145    i.IIC_Start         myiic.o
    0x08003614   0x08003614   0x0000004c   Code   RO          146    i.IIC_Stop          myiic.o
    0x08003660   0x08003660   0x00000020   Code   RO          412    i.INA228_Init       ina228.o
    0x08003680   0x08003680   0x00000064   Code   RO          414    i.INA228_Read3Byte  ina228.o
    0x080036e4   0x080036e4   0x00000062   Code   RO          415    i.INA228_Write2Byte  ina228.o
    0x08003746   0x08003746   0x00000002   PAD
    0x08003748   0x08003748   0x00000050   Code   RO          416    i.INAIIC_Ack        ina228.o
    0x08003798   0x08003798   0x00000058   Code   RO          417    i.INAIIC_Init       ina228.o
    0x080037f0   0x080037f0   0x00000050   Code   RO          418    i.INAIIC_NAck       ina228.o
    0x08003840   0x08003840   0x00000070   Code   RO          419    i.INAIIC_Read_Byte  ina228.o
    0x080038b0   0x080038b0   0x00000068   Code   RO          420    i.INAIIC_Send_Byte  ina228.o
    0x08003918   0x08003918   0x0000004c   Code   RO          421    i.INAIIC_Start      ina228.o
    0x08003964   0x08003964   0x0000004c   Code   RO          422    i.INAIIC_Stop       ina228.o
    0x080039b0   0x080039b0   0x00000064   Code   RO          423    i.INAIIC_Wait_Ack   ina228.o
    0x08003a14   0x08003a14   0x00000200   Code   RO         1131    i.Incremental_PID   pid.o
    0x08003c14   0x08003c14   0x00000208   Code   RO         1135    i.Incremental_PIDv  pid.o
    0x08003e1c   0x08003e1c   0x000004c8   Code   RO         1212    i.LuxValueCorrect   pid_dowith.o
    0x080042e4   0x080042e4   0x00000410   Code   RO         1136    i.Lux_control       pid.o
    0x080046f4   0x080046f4   0x0000059c   Code   RO         1137    i.Lux_controlv      pid.o
    0x08004c90   0x08004c90   0x00000074   Code   RO          718    i.MX_DMA_Init       dma.o
    0x08004d04   0x08004d04   0x000001bc   Code   RO          694    i.MX_GPIO_Init      gpio.o
    0x08004ec0   0x08004ec0   0x000000a0   Code   RO          745    i.MX_TIM1_Init      tim.o
    0x08004f60   0x08004f60   0x000000a4   Code   RO          746    i.MX_TIM2_Init      tim.o
    0x08005004   0x08005004   0x0000006c   Code   RO          747    i.MX_TIM3_Init      tim.o
    0x08005070   0x08005070   0x000000a4   Code   RO          748    i.MX_TIM4_Init      tim.o
    0x08005114   0x08005114   0x00000054   Code   RO          810    i.MX_USART1_UART_Init  usart.o
    0x08005168   0x08005168   0x00000038   Code   RO          811    i.MX_USART2_UART_Init  usart.o
    0x080051a0   0x080051a0   0x00000054   Code   RO          812    i.MX_USART3_UART_Init  usart.o
    0x080051f4   0x080051f4   0x0000005a   Code   RO         1213    i.Median_Filter     pid_dowith.o
    0x0800524e   0x0800524e   0x00000004   Code   RO          897    i.MemManage_Handler  stm32f1xx_it.o
    0x08005252   0x08005252   0x00000004   Code   RO          898    i.NMI_Handler       stm32f1xx_it.o
    0x08005256   0x08005256   0x00000002   PAD
    0x08005258   0x08005258   0x00000338   Code   RO         1214    i.PID_LightControl  pid_dowith.o
    0x08005590   0x08005590   0x00000002   Code   RO          899    i.PendSV_Handler    stm32f1xx_it.o
    0x08005592   0x08005592   0x00000002   PAD
    0x08005594   0x08005594   0x00000028   Code   RO         2668    i.RCC_Delay         stm32f1xx_hal_rcc.o
    0x080055bc   0x080055bc   0x000000e4   Code   RO          319    i.ReadSHT3x         sht30.o
    0x080056a0   0x080056a0   0x0000003c   Code   RO          320    i.SHT3x_CRC_CAL     sht30.o
    0x080056dc   0x080056dc   0x00000038   Code   RO          321    i.SHT3x_I2C_START   sht30.o
    0x08005714   0x08005714   0x0000002c   Code   RO          322    i.SHT3x_I2C_STOP    sht30.o
    0x08005740   0x08005740   0x0000004c   Code   RO          323    i.SHT3x_I2C_SendByte  sht30.o
    0x0800578c   0x0800578c   0x000000c0   Code   RO          324    i.SHT3x_Init        sht30.o
    0x0800584c   0x0800584c   0x0000007c   Code   RO          325    i.SHT3x_ReadData    sht30.o
    0x080058c8   0x080058c8   0x0000002e   Code   RO          327    i.SHT3x_WriteByte   sht30.o
    0x080058f6   0x080058f6   0x00000002   Code   RO          900    i.SVC_Handler       stm32f1xx_it.o
    0x080058f8   0x080058f8   0x00000008   Code   RO          901    i.SysTick_Handler   stm32f1xx_it.o
    0x08005900   0x08005900   0x00000066   Code   RO          564    i.SystemClock_Config  main.o
    0x08005966   0x08005966   0x00000002   Code   RO         3862    i.SystemInit        system_stm32f1xx.o
    0x08005968   0x08005968   0x00000010   Code   RO          902    i.TIM2_IRQHandler   stm32f1xx_it.o
    0x08005978   0x08005978   0x00000010   Code   RO          903    i.TIM3_IRQHandler   stm32f1xx_it.o
    0x08005988   0x08005988   0x00000010   Code   RO          904    i.TIM4_IRQHandler   stm32f1xx_it.o
    0x08005998   0x08005998   0x0000009c   Code   RO         1591    i.TIM_Base_SetConfig  stm32f1xx_hal_tim.o
    0x08005a34   0x08005a34   0x00000022   Code   RO         1592    i.TIM_CCxChannelCmd  stm32f1xx_hal_tim.o
    0x08005a56   0x08005a56   0x00000016   Code   RO         1602    i.TIM_ETR_SetConfig  stm32f1xx_hal_tim.o
    0x08005a6c   0x08005a6c   0x00000012   Code   RO         1603    i.TIM_ITRx_SetConfig  stm32f1xx_hal_tim.o
    0x08005a7e   0x08005a7e   0x00000002   PAD
    0x08005a80   0x08005a80   0x00000070   Code   RO         1604    i.TIM_OC1_SetConfig  stm32f1xx_hal_tim.o
    0x08005af0   0x08005af0   0x0000007c   Code   RO         1605    i.TIM_OC2_SetConfig  stm32f1xx_hal_tim.o
    0x08005b6c   0x08005b6c   0x00000078   Code   RO         1606    i.TIM_OC3_SetConfig  stm32f1xx_hal_tim.o
    0x08005be4   0x08005be4   0x00000054   Code   RO         1607    i.TIM_OC4_SetConfig  stm32f1xx_hal_tim.o
    0x08005c38   0x08005c38   0x00000026   Code   RO         1609    i.TIM_TI1_ConfigInputStage  stm32f1xx_hal_tim.o
    0x08005c5e   0x08005c5e   0x00000002   PAD
    0x08005c60   0x08005c60   0x0000007c   Code   RO         1610    i.TIM_TI1_SetConfig  stm32f1xx_hal_tim.o
    0x08005cdc   0x08005cdc   0x00000028   Code   RO         1611    i.TIM_TI2_ConfigInputStage  stm32f1xx_hal_tim.o
    0x08005d04   0x08005d04   0x0000003a   Code   RO         1612    i.TIM_TI2_SetConfig  stm32f1xx_hal_tim.o
    0x08005d3e   0x08005d3e   0x00000038   Code   RO         1613    i.TIM_TI3_SetConfig  stm32f1xx_hal_tim.o
    0x08005d76   0x08005d76   0x0000003c   Code   RO         1614    i.TIM_TI4_SetConfig  stm32f1xx_hal_tim.o
    0x08005db2   0x08005db2   0x00000014   Code   RO         3531    i.UART_DMAAbortOnError  stm32f1xx_hal_uart.o
    0x08005dc6   0x08005dc6   0x00000050   Code   RO         3532    i.UART_DMAError     stm32f1xx_hal_uart.o
    0x08005e16   0x08005e16   0x000000b4   Code   RO         3533    i.UART_DMAReceiveCplt  stm32f1xx_hal_uart.o
    0x08005eca   0x08005eca   0x00000024   Code   RO         3535    i.UART_DMARxHalfCplt  stm32f1xx_hal_uart.o
    0x08005eee   0x08005eee   0x00000058   Code   RO         3537    i.UART_DMATransmitCplt  stm32f1xx_hal_uart.o
    0x08005f46   0x08005f46   0x0000000e   Code   RO         3539    i.UART_DMATxHalfCplt  stm32f1xx_hal_uart.o
    0x08005f54   0x08005f54   0x0000006c   Code   RO         3541    i.UART_EndRxTransfer  stm32f1xx_hal_uart.o
    0x08005fc0   0x08005fc0   0x00000020   Code   RO         3542    i.UART_EndTransmit_IT  stm32f1xx_hal_uart.o
    0x08005fe0   0x08005fe0   0x00000026   Code   RO         3543    i.UART_EndTxTransfer  stm32f1xx_hal_uart.o
    0x08006006   0x08006006   0x000000fc   Code   RO         3544    i.UART_Receive_IT   stm32f1xx_hal_uart.o
    0x08006102   0x08006102   0x00000002   PAD
    0x08006104   0x08006104   0x000000fc   Code   RO         3545    i.UART_SetConfig    stm32f1xx_hal_uart.o
    0x08006200   0x08006200   0x000000c8   Code   RO         3546    i.UART_Start_Receive_DMA  stm32f1xx_hal_uart.o
    0x080062c8   0x080062c8   0x00000060   Code   RO         3548    i.UART_Transmit_IT  stm32f1xx_hal_uart.o
    0x08006328   0x08006328   0x00000092   Code   RO         3549    i.UART_WaitOnFlagUntilTimeout  stm32f1xx_hal_uart.o
    0x080063ba   0x080063ba   0x00000002   PAD
    0x080063bc   0x080063bc   0x00000010   Code   RO          905    i.USART1_IRQHandler  stm32f1xx_it.o
    0x080063cc   0x080063cc   0x00000010   Code   RO          906    i.USART2_IRQHandler  stm32f1xx_it.o
    0x080063dc   0x080063dc   0x00000010   Code   RO          907    i.USART3_IRQHandler  stm32f1xx_it.o
    0x080063ec   0x080063ec   0x00000004   Code   RO          908    i.UsageFault_Handler  stm32f1xx_it.o
    0x080063f0   0x080063f0   0x00000034   Code   RO          328    i.WaitAck           sht30.o
    0x08006424   0x08006424   0x00000020   Code   RO         4151    i.__0printf         mc_w.l(printfa.o)
    0x08006444   0x08006444   0x00000034   Code   RO         4152    i.__0snprintf       mc_w.l(printfa.o)
    0x08006478   0x08006478   0x00000028   Code   RO         4153    i.__0sprintf        mc_w.l(printfa.o)
    0x080064a0   0x080064a0   0x00000026   Code   RO         4209    i.__ARM_fpclassifyf  m_ws.l(fpclassifyf.o)
    0x080064c6   0x080064c6   0x00000002   PAD
    0x080064c8   0x080064c8   0x00000010   Code   RO         2975    i.__NVIC_GetPriorityGrouping  stm32f1xx_hal_cortex.o
    0x080064d8   0x080064d8   0x00000028   Code   RO         2976    i.__NVIC_SetPriority  stm32f1xx_hal_cortex.o
    0x08006500   0x08006500   0x00000006   Code   RO         4212    i.__mathlib_flt_infnan  m_ws.l(funder.o)
    0x08006506   0x08006506   0x0000000a   Code   RO         4215    i.__mathlib_flt_overflow  m_ws.l(funder.o)
    0x08006510   0x08006510   0x0000000a   Code   RO         4217    i.__mathlib_flt_underflow  m_ws.l(funder.o)
    0x0800651a   0x0800651a   0x0000000e   Code   RO         4278    i.__scatterload_copy  mc_w.l(handlers.o)
    0x08006528   0x08006528   0x00000002   Code   RO         4279    i.__scatterload_null  mc_w.l(handlers.o)
    0x0800652a   0x0800652a   0x0000000e   Code   RO         4280    i.__scatterload_zeroinit  mc_w.l(handlers.o)
    0x08006538   0x08006538   0x0000000c   Code   RO         4248    i.__set_errno       mc_w.l(errno.o)
    0x08006544   0x08006544   0x00000184   Code   RO         4158    i._fp_digits        mc_w.l(printfa.o)
    0x080066c8   0x080066c8   0x000006b4   Code   RO         4159    i._printf_core      mc_w.l(printfa.o)
    0x08006d7c   0x08006d7c   0x00000024   Code   RO         4160    i._printf_post_padding  mc_w.l(printfa.o)
    0x08006da0   0x08006da0   0x0000002e   Code   RO         4161    i._printf_pre_padding  mc_w.l(printfa.o)
    0x08006dce   0x08006dce   0x00000016   Code   RO         4162    i._snputc           mc_w.l(printfa.o)
    0x08006de4   0x08006de4   0x0000000a   Code   RO         4163    i._sputc            mc_w.l(printfa.o)
    0x08006dee   0x08006dee   0x00000002   PAD
    0x08006df0   0x08006df0   0x00000094   Code   RO         1062    i.calculate_A2      spectrum.o
    0x08006e84   0x08006e84   0x00000094   Code   RO         1271    i.calculate_A2_1    spectrum1.o
    0x08006f18   0x08006f18   0x00000094   Code   RO         1333    i.calculate_A2_2    spectrum2.o
    0x08006fac   0x08006fac   0x00000094   Code   RO         1395    i.calculate_A2_3    spectrum3.o
    0x08007040   0x08007040   0x00000094   Code   RO         1063    i.calculate_a       spectrum.o
    0x080070d4   0x080070d4   0x00000094   Code   RO         1272    i.calculate_a_1     spectrum1.o
    0x08007168   0x08007168   0x00000094   Code   RO         1334    i.calculate_a_2     spectrum2.o
    0x080071fc   0x080071fc   0x00000094   Code   RO         1396    i.calculate_a_3     spectrum3.o
    0x08007290   0x08007290   0x00000094   Code   RO         1064    i.calculate_b       spectrum.o
    0x08007324   0x08007324   0x00000094   Code   RO         1273    i.calculate_b_1     spectrum1.o
    0x080073b8   0x080073b8   0x00000094   Code   RO         1335    i.calculate_b_2     spectrum2.o
    0x0800744c   0x0800744c   0x00000094   Code   RO         1397    i.calculate_b_3     spectrum3.o
    0x080074e0   0x080074e0   0x00000094   Code   RO         1065    i.calculate_c       spectrum.o
    0x08007574   0x08007574   0x00000094   Code   RO         1274    i.calculate_c_1     spectrum1.o
    0x08007608   0x08007608   0x00000094   Code   RO         1336    i.calculate_c_2     spectrum2.o
    0x0800769c   0x0800769c   0x00000094   Code   RO         1398    i.calculate_c_3     spectrum3.o
    0x08007730   0x08007730   0x00000094   Code   RO         1066    i.calculate_x1      spectrum.o
    0x080077c4   0x080077c4   0x00000094   Code   RO         1275    i.calculate_x1_1    spectrum1.o
    0x08007858   0x08007858   0x00000094   Code   RO         1337    i.calculate_x1_2    spectrum2.o
    0x080078ec   0x080078ec   0x00000094   Code   RO         1399    i.calculate_x1_3    spectrum3.o
    0x08007980   0x08007980   0x000000b0   Code   RO         1067    i.compute_integrals  spectrum.o
    0x08007a30   0x08007a30   0x000000b0   Code   RO         1276    i.compute_integrals_1  spectrum1.o
    0x08007ae0   0x08007ae0   0x000000b0   Code   RO         1338    i.compute_integrals_2  spectrum2.o
    0x08007b90   0x08007b90   0x000000b0   Code   RO         1400    i.compute_integrals_3  spectrum3.o
    0x08007c40   0x08007c40   0x00000170   Code   RO         3896    i.expf              m_ws.l(expf.o)
    0x08007db0   0x08007db0   0x00000028   Code   RO          565    i.fputc             main.o
    0x08007dd8   0x08007dd8   0x000000c4   Code   RO          566    i.ina_task          main.o
    0x08007e9c   0x08007e9c   0x0000007c   Code   RO          567    i.light_off         main.o
    0x08007f18   0x08007f18   0x00000570   Code   RO          568    i.light_task        main.o
    0x08008488   0x08008488   0x0000046c   Code   RO          569    i.main              main.o
    0x080088f4   0x080088f4   0x000000b0   Code   RO          570    i.motor_task        main.o
    0x080089a4   0x080089a4   0x00000084   Code   RO          571    i.reset_task        main.o
    0x08008a28   0x08008a28   0x00000034   Code   RO         1068    i.update_and_use_spectrum  spectrum.o
    0x08008a5c   0x08008a5c   0x00000034   Code   RO         1277    i.update_and_use_spectrum_1  spectrum1.o
    0x08008a90   0x08008a90   0x00000034   Code   RO         1339    i.update_and_use_spectrum_2  spectrum2.o
    0x08008ac4   0x08008ac4   0x00000034   Code   RO         1401    i.update_and_use_spectrum_3  spectrum3.o
    0x08008af8   0x08008af8   0x000000ae   Code   RO         1069    i.update_spectrum_array  spectrum.o
    0x08008ba6   0x08008ba6   0x000000b8   Code   RO         1278    i.update_spectrum_array_1  spectrum1.o
    0x08008c5e   0x08008c5e   0x000000ae   Code   RO         1340    i.update_spectrum_array_2  spectrum2.o
    0x08008d0c   0x08008d0c   0x000000ae   Code   RO         1402    i.update_spectrum_array_3  spectrum3.o
    0x08008dba   0x08008dba   0x00000002   PAD
    0x08008dbc   0x08008dbc   0x00000018   Code   RO          813    i.usart3_SendByte   usart.o
    0x08008dd4   0x08008dd4   0x0000002c   Code   RO          814    i.usart3_SendCmd    usart.o
    0x08008e00   0x08008e00   0x00000018   Code   RO          816    i.usart_SendCmd     usart.o
    0x08008e18   0x08008e18   0x000011a0   Data   RO         1071    .constdata          spectrum.o
    0x08009fb8   0x08009fb8   0x000011a0   Data   RO         1280    .constdata          spectrum1.o
    0x0800b158   0x0800b158   0x000011a0   Data   RO         1342    .constdata          spectrum2.o
    0x0800c2f8   0x0800c2f8   0x000011a0   Data   RO         1404    .constdata          spectrum3.o
    0x0800d498   0x0800d498   0x00000012   Data   RO         2669    .constdata          stm32f1xx_hal_rcc.o
    0x0800d4aa   0x0800d4aa   0x00000018   Data   RO         3863    .constdata          system_stm32f1xx.o
    0x0800d4c2   0x0800d4c2   0x00000002   PAD
    0x0800d4c4   0x0800d4c4   0x00000030   Data   RO         3897    .constdata          m_ws.l(expf.o)
    0x0800d4f4   0x0800d4f4   0x00000020   Data   RO         4276    Region$$Table       anon$$obj.o


    Execution Region RW_IRAM1 (Exec base: 0x20000000, Load base: 0x0800d514, Size: 0x00004310, Max: 0x0000c000, ABSOLUTE, COMPRESSED[0x00000028])

    Exec Addr    Load Addr    Size         Type   Attr      Idx    E Section Name        Object

    0x20000000   COMPRESSED   0x0000009c   Data   RW          573    .data               main.o
    0x2000009c   COMPRESSED   0x00000010   Data   RW         1072    .data               spectrum.o
    0x200000ac   COMPRESSED   0x00000058   Data   RW         1139    .data               pid.o
    0x20000104   COMPRESSED   0x0000005c   Data   RW         1217    .data               pid_dowith.o
    0x20000160   COMPRESSED   0x00000010   Data   RW         1281    .data               spectrum1.o
    0x20000170   COMPRESSED   0x00000010   Data   RW         1343    .data               spectrum2.o
    0x20000180   COMPRESSED   0x00000010   Data   RW         1405    .data               spectrum3.o
    0x20000190   COMPRESSED   0x00000009   Data   RW         2505    .data               stm32f1xx_hal.o
    0x20000199   COMPRESSED   0x00000003   PAD
    0x2000019c   COMPRESSED   0x00000004   Data   RW         3864    .data               system_stm32f1xx.o
    0x200001a0   COMPRESSED   0x00000004   Data   RW         4241    .data               mc_w.l(stdout.o)
    0x200001a4   COMPRESSED   0x00000004   Data   RW         4249    .data               mc_w.l(errno.o)
    0x200001a8        -       0x00000020   Zero   RW          219    .bss                motor_ctrl.o
    0x200001c8        -       0x00000038   Zero   RW          572    .bss                main.o
    0x20000200        -       0x00000120   Zero   RW          749    .bss                tim.o
    0x20000320        -       0x00000290   Zero   RW          817    .bss                usart.o
    0x200005b0        -       0x00000e18   Zero   RW         1070    .bss                spectrum.o
    0x200013c8        -       0x00000044   Zero   RW         1138    .bss                pid.o
    0x2000140c        -       0x000000a0   Zero   RW         1216    .bss                pid_dowith.o
    0x200014ac        -       0x0000001c   Zero   RW         1259    .bss                pid_shared.o
    0x200014c8        -       0x00000e18   Zero   RW         1279    .bss                spectrum1.o
    0x200022e0        -       0x00000e18   Zero   RW         1341    .bss                spectrum2.o
    0x200030f8        -       0x00000e18   Zero   RW         1403    .bss                spectrum3.o
    0x20003f10        -       0x00000400   Zero   RW            1    STACK               startup_stm32f103xe.o


==============================================================================

Image component sizes


      Code (inc. data)   RO Data    RW Data    ZI Data      Debug   Object Name

       164         30          0          0          0       2046   core_delay.o
       116          4          0          0          0        762   dma.o
       142         10          0          0          0     488875   gp8211s.o
       444         26          0          0          0       1095   gpio.o
      1046        126          0          0          0       7856   ina228.o
      3816        488          0        156         56      14419   main.o
       132         10          0          0         32       1423   motor_ctrl.o
       424         72          0          0          0       2792   myiic.o
      3508        502          0         88         68       6162   pid.o
      2138        222          0         92        160       4186   pid_dowith.o
         0          0          0          0         28        523   pid_shared.o
       878         80          0          0          0       5910   sht30.o
      1142        160       4512         16       3608       6044   spectrum.o
      1152        160       4512         16       3608       6137   spectrum1.o
      1142        160       4512         16       3608       6141   spectrum2.o
      1142        160       4512         16       3608       6137   spectrum3.o
        36          8        304          0       1024        792   startup_stm32f103xe.o
        64         14          0          9          0       4712   stm32f1xx_hal.o
       252         22          0          0          0      28658   stm32f1xx_hal_cortex.o
      1770         28          0          0          0       5242   stm32f1xx_hal_dma.o
       888         44          0          0          0       3902   stm32f1xx_hal_gpio.o
        84          8          0          0          0        882   stm32f1xx_hal_msp.o
      1748         98         18          0          0       5920   stm32f1xx_hal_rcc.o
      3076        132          0          0          0      21389   stm32f1xx_hal_tim.o
       160         22          0          0          0       2413   stm32f1xx_hal_tim_ex.o
      2980         34          0          0          0      18862   stm32f1xx_hal_uart.o
       232         66          0          0          0       9887   stm32f1xx_it.o
         2          0         24          4          0       1103   system_stm32f1xx.o
      1064         72          0          0        288       4683   tim.o
      1048        104          0          0        656       5147   usart.o

    ----------------------------------------------------------------------
     30820       2862      18428        416      16744     674100   Object Totals
         0          0         32          0          0          0   (incl. Generated)
        30          0          2          3          0          0   (incl. Padding)

    ----------------------------------------------------------------------

      Code (inc. data)   RO Data    RW Data    ZI Data      Debug   Library Member Name

       368         46         48          0          0        156   expf.o
        38          0          0          0          0         68   fpclassifyf.o
        26          0          0          0          0        204   funder.o
        58          0          0          0          0          0   __dczerorl.o
         0          0          0          0          0          0   entry.o
         0          0          0          0          0          0   entry10a.o
         0          0          0          0          0          0   entry11a.o
         4          0          0          0          0          0   entry12b.o
         8          4          0          0          0          0   entry2.o
         4          0          0          0          0          0   entry5.o
         0          0          0          0          0          0   entry7b.o
         0          0          0          0          0          0   entry8b.o
         8          4          0          0          0          0   entry9a.o
        12          6          0          4          0         68   errno.o
        30          0          0          0          0          0   handlers.o
        36          8          0          0          0         68   init.o
         0          0          0          0          0          0   iusefp.o
        30          0          0          0          0         68   llshl.o
        36          0          0          0          0         68   llsshr.o
        32          0          0          0          0         68   llushr.o
        36          0          0          0          0         68   memcpya.o
        36          0          0          0          0        108   memseta.o
      2342        100          0          0          0        772   printfa.o
         0          0          0          4          0          0   stdout.o
        14          0          0          0          0         68   strlen.o
        44          0          0          0          0         80   uidiv.o
        98          0          0          0          0         92   uldiv.o
        48          0          0          0          0         68   cdcmple.o
        48          0          0          0          0         68   cdrcmple.o
        20          0          0          0          0         68   cfcmple.o
        20          0          0          0          0         68   cfrcmple.o
        56          0          0          0          0         88   d2f.o
       334          0          0          0          0        148   dadd.o
       222          0          0          0          0        100   ddiv.o
       186          0          0          0          0        176   depilogue.o
        48          0          0          0          0         68   dfixul.o
        26          0          0          0          0         76   dfltui.o
       228          0          0          0          0         96   dmul.o
        38          0          0          0          0         68   f2d.o
       176          0          0          0          0        140   fadd.o
       124          0          0          0          0         88   fdiv.o
       110          0          0          0          0        168   fepilogue.o
        50          0          0          0          0         68   ffixi.o
        40          0          0          0          0         68   ffixui.o
        18          0          0          0          0         68   fflti.o
        10          0          0          0          0         68   ffltui.o
       100          0          0          0          0         76   fmul.o
        60          0          0          0          0         76   frnd.o
        24          0          0          0          0         68   fscalb.o

    ----------------------------------------------------------------------
      5252        168         48          8          0       3936   Library Totals
         6          0          0          0          0          0   (incl. Padding)

    ----------------------------------------------------------------------

      Code (inc. data)   RO Data    RW Data    ZI Data      Debug   Library Name

       432         46         48          0          0        428   m_ws.l
      2828        122          0          8          0       1528   mc_w.l
      1986          0          0          0          0       1980   mf_w.l

    ----------------------------------------------------------------------
      5252        168         48          8          0       3936   Library Totals

    ----------------------------------------------------------------------

==============================================================================


      Code (inc. data)   RO Data    RW Data    ZI Data      Debug   

     36072       3030      18476        424      16744     665528   Grand Totals
     36072       3030      18476         40      16744     665528   ELF Image Totals (compressed)
     36072       3030      18476         40          0          0   ROM Totals

==============================================================================

    Total RO  Size (Code + RO Data)                54548 (  53.27kB)
    Total RW  Size (RW Data + ZI Data)             17168 (  16.77kB)
    Total ROM Size (Code + RO Data + RW Data)      54588 (  53.31kB)

==============================================================================

